Microchip MPLAB XC8 Compiler V2.32

Linker command line:

-W-3 --edf=C:\Program Files\Microchip\xc8\v2.32\pic\dat\en_msgs.txt \
  -pivt0x8=08h -cn -h+dist/default/production\pic18k42.X.production.sym \
  --cmf=dist/default/production\pic18k42.X.production.cmf -z -Q18F47K42 \
  -oC:\Users\MJ\AppData\Local\Temp\xcAs4n4.4 --defsym=__MPLAB_BUILD=1 \
  -Mdist/default/production/pic18k42.X.production.map -E1 -ver=XC8 Compiler \
  --acfsm=1493 -ASTACK=08Fh-01FFFh -pstack=STACK -ACODE=00h-01FFFFh \
  -ACONST=00h-01FFFFh -ASMALLCONST=02000h-020FFhx480 \
  -AMEDIUMCONST=02000h-0FFFFh,012000h-01FFFFh -ACOMRAM=01h-05Fh \
  -AABS1=00h-01FFFh -ABIGRAM=01h-01FFFh -ARAM=060h-0FFh,0100h-01FFhx31 \
  -ABANK0=060h-0FFh -ABANK1=0100h-01FFh -ABANK2=0200h-02FFh \
  -ABANK3=0300h-03FFh -ABANK4=0400h-04FFh -ABANK5=0500h-05FFh \
  -ABANK6=0600h-06FFh -ABANK7=0700h-07FFh -ABANK8=0800h-08FFh \
  -ABANK9=0900h-09FFh -ABANK10=0A00h-0AFFh -ABANK11=0B00h-0BFFh \
  -ABANK12=0C00h-0CFFh -ABANK13=0D00h-0DFFh -ABANK14=0E00h-0EFFh \
  -ABANK15=0F00h-0FFFh -ABANK16=01000h-010FFh -ABANK17=01100h-011FFh \
  -ABANK18=01200h-012FFh -ABANK19=01300h-013FFh -ABANK20=01400h-014FFh \
  -ABANK21=01500h-015FFh -ABANK22=01600h-016FFh -ABANK23=01700h-017FFh \
  -ABANK24=01800h-018FFh -ABANK25=01900h-019FFh -ABANK26=01A00h-01AFFh \
  -ABANK27=01B00h-01BFFh -ABANK28=01C00h-01CFFh -ABANK29=01D00h-01DFFh \
  -ABANK30=01E00h-01EFFh -ABANK31=01F00h-01FFFh \
  -ASFR=03800h-038FFhx7,03F00h-03F5Fh,03F60h-03FFFh \
  -ACONFIG=0300000h-0300009h -AIDLOC=0200000h-020000Fh \
  -AEEDATA=0310000h-03103FFh -peeprom_data=EEDATA -preset_vec=00h \
  -ppowerup=CODE,init -pramtop=02000h -psmallconst=SMALLCONST \
  -pmediumconst=MEDIUMCONST -pconst=CONST -AFARRAM=00h-00h \
  -prdata=COMRAM,nvrram=COMRAM,nvbit=COMRAM,rbss=COMRAM,rbit=COMRAM \
  -pfarbss=FARRAM,fardata=FARRAM,nvFARRAM=FARRAM \
  -pintsave_regs=BIGRAM,bigbss=BIGRAM,bigdata=BIGRAM -pbss=RAM \
  -pidata=CODE,irdata=CODE,ibigdata=CODE,ifardata=CODE -prparam=COMRAM \
  C:\Users\MJ\AppData\Local\Temp\xcAs4n4.o \
  dist/default/production\pic18k42.X.production.o 

Object code version is 3.11

Machine type is 18F47K42



                Name                               Link     Load   Length Selector   Space Scale
C:\Users\MJ\AppData\Local\Temp\xcAs4n4.o
                idloc                            200000   200000       10        0       5
                config                           300000   300000        A        0       4
                init                                 1A       1A        4        4       0
                reset_vec                             0        0        4        0       0
dist/default/production\pic18k42.X.production.o
                idloc                            200000   200000       10        0       5
                config                           300000   300000        A        0       4
                mediumconst                        F2D0     F2D0      D30     7968       0
                ivt0x8                                8        8       12        4       0
                text30                            109B2    109B2        2     84D3       0
                text29                            1075C    1075C       32     8000       0
                text28                            10818    10818       2C     8000       0
                text27                            1092A    1092A       16     8000       0
                text26                            109B0    109B0        2     84D3       0
                text25                            1072A    1072A       32     8000       0
                text24                            10994    10994        A     8000       0
                text23                            106E2    106E2       48     8000       0
                text22                            107EC    107EC       2C     8000       0
                text21                            10868    10868       22     8000       0
                text20                            109AC    109AC        4     84D3       0
                text19                            10912    10912       18     8000       0
                text18                            10544    10544       B6     8000       0
                text17                            10844    10844       24     8000       0
                text16                            108FA    108FA       18     8000       0
                text15                            108E0    108E0       1A     8000       0
                text14                            10986    10986        E     8000       0
                text13                            1069A    1069A       48     8000       0
                text12                            108A8    108A8       1E     8000       0
                text11                            10978    10978        E     8000       0
                text10                            1078E    1078E       30     8000       0
                text9                             107BE    107BE       2E     8000       0
                text8                             108C6    108C6       1A     8000       0
                text7                             10940    10940       14     8000       0
                text6                             105FA    105FA       54     8000       0
                text5                             1046A    1046A       DA     8000       0
                text4                             10966    10966       12     8000       0
                text3                             10000    10000      46A     8000       0
                text2                             1088A    1088A       1E     8000       0
                text1                             109A6    109A6        6     84D3       0
                text0                             10954    10954       12     8000       0
                cstackCOMRAM                         35       35       10        1       1
                cstackBANK0                          78       78       11       60       1
                bssBANK0                             60       60       18       60       1
                dataCOMRAM                           45       45        7        1       1
                bssCOMRAM                             1        1       34        1       1
                cinit                             1064E    1064E       4C     8000       0
                nvBANK0                              89       89        6       60       1
                nvCOMRAM                             4C       4C        2        1       1
                idataCOMRAM                       1099E    1099E        7     8000       0

TOTAL           Name                               Link     Load   Length     Space
        CLASS   STACK          

        CLASS   CODE           
                init                                 1A       1A        4         0
                reset_vec                             0        0        4         0
                ivt0x8                                8        8       12         0
                text30                            109B2    109B2        2         0
                text29                            1075C    1075C       32         0
                text28                            10818    10818       2C         0
                text27                            1092A    1092A       16         0
                text26                            109B0    109B0        2         0
                text25                            1072A    1072A       32         0
                text24                            10994    10994        A         0
                text23                            106E2    106E2       48         0
                text22                            107EC    107EC       2C         0
                text21                            10868    10868       22         0
                text20                            109AC    109AC        4         0
                text19                            10912    10912       18         0
                text18                            10544    10544       B6         0
                text17                            10844    10844       24         0
                text16                            108FA    108FA       18         0
                text15                            108E0    108E0       1A         0
                text14                            10986    10986        E         0
                text13                            1069A    1069A       48         0
                text12                            108A8    108A8       1E         0
                text11                            10978    10978        E         0
                text10                            1078E    1078E       30         0
                text9                             107BE    107BE       2E         0
                text8                             108C6    108C6       1A         0
                text7                             10940    10940       14         0
                text6                             105FA    105FA       54         0
                text5                             1046A    1046A       DA         0
                text4                             10966    10966       12         0
                text3                             10000    10000      46A         0
                text2                             1088A    1088A       1E         0
                text1                             109A6    109A6        6         0
                text0                             10954    10954       12         0
                cinit                             1064E    1064E       4C         0
                idataCOMRAM                       1099E    1099E        7         0

        CLASS   CONST          

        CLASS   SMALLCONST     

        CLASS   MEDIUMCONST    
                mediumconst                        F2D0     F2D0      D30         0

        CLASS   COMRAM         
                cstackCOMRAM                         35       35       10         1
                dataCOMRAM                           45       45        7         1
                bssCOMRAM                             1        1       34         1
                nvCOMRAM                             4C       4C        2         1

        CLASS   ABS1           

        CLASS   BIGRAM         

        CLASS   RAM            

        CLASS   BANK0          
                cstackBANK0                          78       78       11         1
                bssBANK0                             60       60       18         1
                nvBANK0                              89       89        6         1

        CLASS   BANK1          

        CLASS   BANK2          

        CLASS   BANK3          

        CLASS   BANK4          

        CLASS   BANK5          

        CLASS   BANK6          

        CLASS   BANK7          

        CLASS   BANK8          

        CLASS   BANK9          

        CLASS   BANK10         

        CLASS   BANK11         

        CLASS   BANK12         

        CLASS   BANK13         

        CLASS   BANK14         

        CLASS   BANK15         

        CLASS   BANK16         

        CLASS   BANK17         

        CLASS   BANK18         

        CLASS   BANK19         

        CLASS   BANK20         

        CLASS   BANK21         

        CLASS   BANK22         

        CLASS   BANK23         

        CLASS   BANK24         

        CLASS   BANK25         

        CLASS   BANK26         

        CLASS   BANK27         

        CLASS   BANK28         

        CLASS   BANK29         

        CLASS   BANK30         

        CLASS   BANK31         

        CLASS   SFR            

        CLASS   CONFIG         
                config                           300000   300000        A         4

        CLASS   IDLOC          
                idloc                            200000   200000       10         5

        CLASS   EEDATA         

        CLASS   FARRAM         



SEGMENTS        Name                           Load    Length   Top    Selector   Space  Class

                reset_vec                      000000  000004  000004         0       0  CODE    
                bssCOMRAM                      000001  00004D  00004E         1       1  COMRAM  
                ivt0x8                         000008  000016  00001E         4       0  CODE    
                bssBANK0                       000060  00002F  00008F        60       1  BANK0   
                mediumconst                    00F2D0  000D30  010000      7968       0  MEDIUMCO
                text3                          010000  0009A5  0109A5      8000       0  CODE    
                text1                          0109A6  00000E  0109B4      84D3       0  CODE    


UNUSED ADDRESS RANGES

        Name                Unused          Largest block    Delta
        BANK0            00008F-0000FF               71
        BANK1            000100-0001FF              100
        BANK10           000A00-000AFF              100
        BANK11           000B00-000BFF              100
        BANK12           000C00-000CFF              100
        BANK13           000D00-000DFF              100
        BANK14           000E00-000EFF              100
        BANK15           000F00-000FFF              100
        BANK16           001000-0010FF              100
        BANK17           001100-0011FF              100
        BANK18           001200-0012FF              100
        BANK19           001300-0013FF              100
        BANK2            000200-0002FF              100
        BANK20           001400-0014FF              100
        BANK21           001500-0015FF              100
        BANK22           001600-0016FF              100
        BANK23           001700-0017FF              100
        BANK24           001800-0018FF              100
        BANK25           001900-0019FF              100
        BANK26           001A00-001AFF              100
        BANK27           001B00-001BFF              100
        BANK28           001C00-001CFF              100
        BANK29           001D00-001DFF              100
        BANK3            000300-0003FF              100
        BANK30           001E00-001EFF              100
        BANK31           001F00-001FFF              100
        BANK4            000400-0004FF              100
        BANK5            000500-0005FF              100
        BANK6            000600-0006FF              100
        BANK7            000700-0007FF              100
        BANK8            000800-0008FF              100
        BANK9            000900-0009FF              100
        BIGRAM           00004E-00005F               12
                         00008F-001FFF             1F71
        CODE             000004-000007                4
                         00001E-00F2CF             F2B2
                         0109A5-0109A5                1
                         0109B4-01FFFF             F64C
        COMRAM           00004E-00005F               12
        CONST            000004-000007                4
                         00001E-00F2CF             F2B2
                         0109A5-0109A5                1
                         0109B4-01FFFF             F64C
        EEDATA           310000-3103FF              400
        MEDIUMCONST      002000-00F2CF             D2D0
                         012000-01FFFF             E000
        RAM              00008F-001FFF              100
        SFR              003800-003FFF              100
        SMALLCONST       002000-00F2CF              100
                         0109A5-0109A5                1
                         0109B4-01FFFF              100
        STACK            00008F-001FFF             1F71

                                  Symbol Table

IVTBASEH                                  (abs)        003FD6
IVTBASEL                                  (abs)        003FD5
IVTBASEU                                  (abs)        003FD7
OLED_DrawBitmap@F690                      dataCOMRAM   00004B
OLED_DrawFont@F705                        dataCOMRAM   000049
OLED_DrawFont@F707                        dataCOMRAM   000047
OLED_SetPixel@F730                        dataCOMRAM   000045
RGB_Clear@i                               cstackCOMRAM 000041
RGB_Clear@ledcount                        cstackCOMRAM 00003B
RGB_Clear@temp                            cstackCOMRAM 00003E
RGB_SendData@rgbData                      cstackCOMRAM 000038
RGB_SetColor@val                          cstackCOMRAM 00003B
SPI1_Open@spi1UniqueConfiguration         cstackCOMRAM 000038
SPI1_WriteByte@byte                       cstackCOMRAM 000037
TMR1_SetInterruptHandler@InterruptHandler cstackCOMRAM 000037
TMR1_WriteTimer@timerVal                  cstackCOMRAM 000035
TMR4_SetInterruptHandler@InterruptHandler cstackCOMRAM 000037
_ANSELA                                   (abs)        003A40
_ANSELB                                   (abs)        003A50
_ANSELC                                   (abs)        003A60
_ANSELD                                   (abs)        003A70
_ANSELE                                   (abs)        003A80
_CCPTMRS1bits                             (abs)        003F5F
_CLC1CON                                  (abs)        003C74
_CLC1CONbits                              (abs)        003C74
_CLC1GLS0                                 (abs)        003C7A
_CLC1GLS1                                 (abs)        003C7B
_CLC1GLS2                                 (abs)        003C7C
_CLC1GLS3                                 (abs)        003C7D
_CLC1POL                                  (abs)        003C75
_CLC1SEL0                                 (abs)        003C76
_CLC1SEL1                                 (abs)        003C77
_CLC1SEL2                                 (abs)        003C78
_CLC1SEL3                                 (abs)        003C79
_CLC1_Initialize                          text22       0107EC
_I2C1CLK                                  (abs)        003D7B
_I2C1CNT                                  (abs)        003D6C
_I2C1CON0                                 (abs)        003D73
_I2C1CON0bits                             (abs)        003D73
_I2C1CON1                                 (abs)        003D74
_I2C1CON1bits                             (abs)        003D74
_I2C1CON2                                 (abs)        003D75
_I2C1ERR                                  (abs)        003D76
_I2C1ERRbits                              (abs)        003D76
_I2C1PIE                                  (abs)        003D7A
_I2C1PIEbits                              (abs)        003D7A
_I2C1PIR                                  (abs)        003D79
_I2C1PIRbits                              (abs)        003D79
_I2C1RXB                                  (abs)        003D6A
_I2C1SCLPPS                               (abs)        003AE1
_I2C1SDAPPS                               (abs)        003AE2
_I2C1STAT1bits                            (abs)        003D78
_I2C1TXB                                  (abs)        003D6B
_I2C1_CallbackReturnReset                 (abs)        000000
_I2C1_CallbackReturnStop                  (abs)        000000
_I2C1_DO_ADDRESS_NACK                     (abs)        000000
_I2C1_DO_BUS_COLLISION                    (abs)        000000
_I2C1_DO_BUS_ERROR                        (abs)        000000
_I2C1_DO_IDLE                             (abs)        000000
_I2C1_DO_RESET                            (abs)        000000
_I2C1_DO_RX                               (abs)        000000
_I2C1_DO_RX_ACK                           (abs)        000000
_I2C1_DO_RX_EMPTY                         (abs)        000000
_I2C1_DO_RX_NACK_RESTART                  (abs)        000000
_I2C1_DO_RX_NACK_STOP                     (abs)        000000
_I2C1_DO_SEND_ADR_READ                    (abs)        000000
_I2C1_DO_SEND_ADR_WRITE                   (abs)        000000
_I2C1_DO_SEND_RESTART                     (abs)        000000
_I2C1_DO_SEND_RESTART_READ                (abs)        000000
_I2C1_DO_SEND_RESTART_WRITE               (abs)        000000
_I2C1_DO_SEND_STOP                        (abs)        000000
_I2C1_DO_TX                               (abs)        000000
_I2C1_DO_TX_ACK                           (abs)        000000
_I2C1_DO_TX_EMPTY                         (abs)        000000
_I2C1_Initialize                          text21       010868
_I2C1_Status                              bssCOMRAM    000001
_INLVLA                                   (abs)        003A44
_INLVLB                                   (abs)        003A54
_INLVLC                                   (abs)        003A64
_INLVLD                                   (abs)        003A74
_INLVLE                                   (abs)        003A84
_INTCON0bits                              (abs)        003FD2
_INTERRUPT_Initialize                     text20       0109AC
_INTERRUPT_InterruptManager               text23       0106E2
_LATA                                     (abs)        003FBA
_LATB                                     (abs)        003FBB
_LATC                                     (abs)        003FBC
_LATD                                     (abs)        003FBD
_LATE                                     (abs)        003FBE
_LATEbits                                 (abs)        003FBE
_ODCONA                                   (abs)        003A42
_ODCONB                                   (abs)        003A52
_ODCONC                                   (abs)        003A62
_ODCOND                                   (abs)        003A72
_ODCONE                                   (abs)        003A82
_OLED_BlankDisplay                        mediumconst  00FEE8
_OLED_InitCommands                        mediumconst  00FF6C
_OSCCON1                                  (abs)        0039D9
_OSCCON3                                  (abs)        0039DB
_OSCEN                                    (abs)        0039DD
_OSCFRQ                                   (abs)        0039DF
_OSCILLATOR_Initialize                    text19       010912
_OSCTUNE                                  (abs)        0039DE
_Owl                                      mediumconst  00F903
_PIE2bits                                 (abs)        003992
_PIE3bits                                 (abs)        003993
_PIE4bits                                 (abs)        003994
_PIE7bits                                 (abs)        003997
_PIN_MANAGER_Initialize                   text18       010544
_PIR2bits                                 (abs)        0039A2
_PIR3bits                                 (abs)        0039A3
_PIR4bits                                 (abs)        0039A4
_PIR7bits                                 (abs)        0039A7
_PMD0                                     (abs)        0039C0
_PMD1                                     (abs)        0039C1
_PMD2                                     (abs)        0039C2
_PMD3                                     (abs)        0039C3
_PMD4                                     (abs)        0039C4
_PMD5                                     (abs)        0039C5
_PMD6                                     (abs)        0039C6
_PMD7                                     (abs)        0039C7
_PMD_Initialize                           text17       010844
_PORTEbits                                (abs)        003FCE
_PR2                                      (abs)        003FAB
_PR4                                      (abs)        003F9F
_PWM5CON                                  (abs)        003F6E
_PWM5DCH                                  (abs)        003F6D
_PWM5DCL                                  (abs)        003F6C
_PWM5_Initialize                          text16       0108FA
_RB1I2C                                   (abs)        003A5A
_RB2I2C                                   (abs)        003A5B
_RC0PPS                                   (abs)        003A10
_RC2PPS                                   (abs)        003A12
_RC3I2C                                   (abs)        003A6A
_RC3PPS                                   (abs)        003A13
_RC4I2C                                   (abs)        003A6B
_RC4PPS                                   (abs)        003A14
_RC7PPS                                   (abs)        003A17
_RD0I2C                                   (abs)        003A7A
_RD1I2C                                   (abs)        003A7B
_RGB_Clear                                text6        0105FA
_RGB_SendData                             text7        010940
_RGB_SetColor                             text4        010966
_SLRCONA                                  (abs)        003A43
_SLRCONB                                  (abs)        003A53
_SLRCONC                                  (abs)        003A63
_SLRCOND                                  (abs)        003A73
_SLRCONE                                  (abs)        003A83
_SPI1BAUD                                 (abs)        003D19
_SPI1CLK                                  (abs)        003D1C
_SPI1CON0                                 (abs)        003D14
_SPI1CON0bits                             (abs)        003D14
_SPI1CON1                                 (abs)        003D15
_SPI1CON2                                 (abs)        003D16
_SPI1RXB                                  (abs)        003D10
_SPI1SCKPPS                               (abs)        003ADE
_SPI1SDIPPS                               (abs)        003ADF
_SPI1STATUSbits                           (abs)        003D17
_SPI1TCNTL                                (abs)        003D12
_SPI1TXB                                  (abs)        003D11
_SPI1_Initialize                          text15       0108E0
_SPI1_Open                                text5        01046A
_SPI1_WriteByte                           text8        0108C6
_SYSTEM_Initialize                        text9        0107BE
_T1CLK                                    (abs)        003FB5
_T1CON                                    (abs)        003FB2
_T1CONbits                                (abs)        003FB2
_T1GATE                                   (abs)        003FB4
_T1GCON                                   (abs)        003FB3
_T1GCONbits                               (abs)        003FB3
_T2CLKCON                                 (abs)        003FAE
_T2CON                                    (abs)        003FAC
_T2CONbits                                (abs)        003FAC
_T2HLT                                    (abs)        003FAD
_T2HLTbits                                (abs)        003FAD
_T2PR                                     (abs)        003FAB
_T2RST                                    (abs)        003FAF
_T2RSTbits                                (abs)        003FAF
_T2TMR                                    (abs)        003FAA
_T4CLKCON                                 (abs)        003FA2
_T4CON                                    (abs)        003FA0
_T4CONbits                                (abs)        003FA0
_T4HLT                                    (abs)        003FA1
_T4HLTbits                                (abs)        003FA1
_T4INPPS                                  (abs)        003ACB
_T4PR                                     (abs)        003F9F
_T4RST                                    (abs)        003FA3
_T4RSTbits                                (abs)        003FA3
_T4TMR                                    (abs)        003F9E
_TEST_Function                            text1        0109A6
_TEST_PIXELS                              text2        01088A
_TMR1H                                    (abs)        003FB1
_TMR1L                                    (abs)        003FB0
_TMR1_CallBack                            text29       01075C
_TMR1_DefaultInterruptHandler             text30       0109B2
_TMR1_ISR                                 text27       01092A
_TMR1_Initialize                          text13       01069A
_TMR1_InterruptHandler                    nvBANK0      00008C
_TMR1_SetInterruptHandler                 text14       010986
_TMR1_WriteTimer                          text28       010818
_TMR2                                     (abs)        003FAA
_TMR2_Initialize                          text12       0108A8
_TMR4                                     (abs)        003F9E
_TMR4_CallBack                            text25       01072A
_TMR4_DefaultInterruptHandler             text26       0109B0
_TMR4_ISR                                 text24       010994
_TMR4_Initialize                          text10       01078E
_TMR4_InterruptHandler                    nvBANK0      000089
_TMR4_SetInterruptHandler                 text11       010978
_TRISA                                    (abs)        003FC2
_TRISB                                    (abs)        003FC3
_TRISC                                    (abs)        003FC4
_TRISCbits                                (abs)        003FC4
_TRISD                                    (abs)        003FC5
_TRISE                                    (abs)        003FC6
_WPUA                                     (abs)        003A41
_WPUB                                     (abs)        003A51
_WPUC                                     (abs)        003A61
_WPUD                                     (abs)        003A71
_WPUE                                     (abs)        003A81
_WriteCompleteHandler                     (abs)        000000
__HRAM                                    (abs)        000000
__Habs1                                   abs1         000000
__Hbank0                                  bank0        000000
__Hbank1                                  bank1        000000
__Hbank10                                 bank10       000000
__Hbank11                                 bank11       000000
__Hbank12                                 bank12       000000
__Hbank13                                 bank13       000000
__Hbank14                                 bank14       000000
__Hbank15                                 bank15       000000
__Hbank16                                 bank16       000000
__Hbank17                                 bank17       000000
__Hbank18                                 bank18       000000
__Hbank19                                 bank19       000000
__Hbank2                                  bank2        000000
__Hbank20                                 bank20       000000
__Hbank21                                 bank21       000000
__Hbank22                                 bank22       000000
__Hbank23                                 bank23       000000
__Hbank24                                 bank24       000000
__Hbank25                                 bank25       000000
__Hbank26                                 bank26       000000
__Hbank27                                 bank27       000000
__Hbank28                                 bank28       000000
__Hbank29                                 bank29       000000
__Hbank3                                  bank3        000000
__Hbank30                                 bank30       000000
__Hbank31                                 bank31       000000
__Hbank4                                  bank4        000000
__Hbank5                                  bank5        000000
__Hbank6                                  bank6        000000
__Hbank7                                  bank7        000000
__Hbank8                                  bank8        000000
__Hbank9                                  bank9        000000
__Hbigbss                                 bigbss       000000
__Hbigdata                                bigdata      000000
__Hbigram                                 bigram       000000
__Hbss                                    bss          000000
__HbssBANK0                               bssBANK0     000000
__HbssCOMRAM                              bssCOMRAM    000000
__Hcinit                                  cinit        000000
__Hclrtext                                clrtext      000000
__Hcomram                                 comram       000000
__Hconfig                                 config       30000A
__Hconst                                  const        000000
__HcstackBANK0                            cstackBANK0  000000
__HcstackCOMRAM                           cstackCOMRAM 000000
__Hdata                                   data         000000
__HdataCOMRAM                             dataCOMRAM   000000
__Heeprom_data                            eeprom_data  000000
__Hfarbss                                 farbss       000000
__Hfardata                                fardata      000000
__Hibigdata                               ibigdata     000000
__Hidata                                  idata        000000
__HidataCOMRAM                            idataCOMRAM  000000
__Hidloc                                  idloc        200010
__Hifardata                               ifardata     000000
__Hinit                                   init         00001E
__Hintsave_regs                           intsave_regs 000000
__Hirdata                                 irdata       000000
__Hivt0x8                                 ivt0x8       00001A
__Hmediumconst                            mediumconst  010000
__HnvBANK0                                nvBANK0      000000
__HnvCOMRAM                               nvCOMRAM     000000
__HnvFARRAM                               nvFARRAM     000000
__Hnvbit                                  nvbit        000000
__Hnvrram                                 nvrram       000000
__Hparam                                  rparam       000000
__Hpowerup                                powerup      000000
__Hram                                    ram          000000
__Hramtop                                 ramtop       002000
__Hrbit                                   rbit         000000
__Hrbss                                   rbss         000000
__Hrdata                                  rdata        000000
__Hreset_vec                              reset_vec    000004
__Hrparam                                 rparam       000000
__Hsfr                                    sfr          000000
__Hsmallconst                             smallconst   000000
__Hspace_0                                (abs)        0109B4
__Hspace_1                                (abs)        00008F
__Hspace_2                                (abs)        000000
__Hspace_4                                (abs)        60000A
__Hstack                                  stack        000000
__Hstruct                                 struct       000000
__Htemp                                   temp         000000
__Htext                                   text         000000
__Htext0                                  text0        000000
__Htext1                                  text1        000000
__Htext10                                 text10       000000
__Htext11                                 text11       000000
__Htext12                                 text12       000000
__Htext13                                 text13       000000
__Htext14                                 text14       000000
__Htext15                                 text15       000000
__Htext16                                 text16       000000
__Htext17                                 text17       000000
__Htext18                                 text18       000000
__Htext19                                 text19       000000
__Htext2                                  text2        000000
__Htext20                                 text20       000000
__Htext21                                 text21       000000
__Htext22                                 text22       000000
__Htext23                                 text23       000000
__Htext24                                 text24       000000
__Htext25                                 text25       000000
__Htext26                                 text26       000000
__Htext27                                 text27       000000
__Htext28                                 text28       000000
__Htext29                                 text29       000000
__Htext3                                  text3        000000
__Htext30                                 text30       000000
__Htext31                                 text31       000000
__Htext4                                  text4        000000
__Htext5                                  text5        000000
__Htext6                                  text6        000000
__Htext7                                  text7        000000
__Htext8                                  text8        000000
__Htext9                                  text9        000000
__LRAM                                    (abs)        000001
__Labs1                                   abs1         000000
__Lbank0                                  bank0        000000
__Lbank1                                  bank1        000000
__Lbank10                                 bank10       000000
__Lbank11                                 bank11       000000
__Lbank12                                 bank12       000000
__Lbank13                                 bank13       000000
__Lbank14                                 bank14       000000
__Lbank15                                 bank15       000000
__Lbank16                                 bank16       000000
__Lbank17                                 bank17       000000
__Lbank18                                 bank18       000000
__Lbank19                                 bank19       000000
__Lbank2                                  bank2        000000
__Lbank20                                 bank20       000000
__Lbank21                                 bank21       000000
__Lbank22                                 bank22       000000
__Lbank23                                 bank23       000000
__Lbank24                                 bank24       000000
__Lbank25                                 bank25       000000
__Lbank26                                 bank26       000000
__Lbank27                                 bank27       000000
__Lbank28                                 bank28       000000
__Lbank29                                 bank29       000000
__Lbank3                                  bank3        000000
__Lbank30                                 bank30       000000
__Lbank31                                 bank31       000000
__Lbank4                                  bank4        000000
__Lbank5                                  bank5        000000
__Lbank6                                  bank6        000000
__Lbank7                                  bank7        000000
__Lbank8                                  bank8        000000
__Lbank9                                  bank9        000000
__Lbigbss                                 bigbss       000000
__Lbigdata                                bigdata      000000
__Lbigram                                 bigram       000000
__Lbss                                    bss          000000
__LbssBANK0                               bssBANK0     000000
__LbssCOMRAM                              bssCOMRAM    000000
__Lcinit                                  cinit        000000
__Lclrtext                                clrtext      000000
__Lcomram                                 comram       000000
__Lconfig                                 config       000000
__Lconst                                  const        000000
__LcstackBANK0                            cstackBANK0  000000
__LcstackCOMRAM                           cstackCOMRAM 000000
__Ldata                                   data         000000
__LdataCOMRAM                             dataCOMRAM   000000
__Leeprom_data                            eeprom_data  000000
__Lfarbss                                 farbss       000000
__Lfardata                                fardata      000000
__Libigdata                               ibigdata     000000
__Lidata                                  idata        000000
__LidataCOMRAM                            idataCOMRAM  000000
__Lidloc                                  idloc        000000
__Lifardata                               ifardata     000000
__Linit                                   init         00001A
__Lintsave_regs                           intsave_regs 000000
__Lirdata                                 irdata       000000
__Livt0x8                                 ivt0x8       000008
__Lmediumconst                            mediumconst  00F2D0
__LnvBANK0                                nvBANK0      000000
__LnvCOMRAM                               nvCOMRAM     000000
__LnvFARRAM                               nvFARRAM     000000
__Lnvbit                                  nvbit        000000
__Lnvrram                                 nvrram       000000
__Lparam                                  rparam       000000
__Lpowerup                                powerup      000000
__Lram                                    ram          000000
__Lramtop                                 ramtop       002000
__Lrbit                                   rbit         000000
__Lrbss                                   rbss         000000
__Lrdata                                  rdata        000000
__Lreset_vec                              reset_vec    000000
__Lrparam                                 rparam       000000
__Lsfr                                    sfr          000000
__Lsmallconst                             smallconst   000000
__Lspace_0                                (abs)        000000
__Lspace_1                                (abs)        000000
__Lspace_2                                (abs)        000000
__Lspace_4                                (abs)        000000
__Lstack                                  stack        000000
__Lstruct                                 struct       000000
__Ltemp                                   temp         000000
__Ltext                                   text         000000
__Ltext0                                  text0        000000
__Ltext1                                  text1        000000
__Ltext10                                 text10       000000
__Ltext11                                 text11       000000
__Ltext12                                 text12       000000
__Ltext13                                 text13       000000
__Ltext14                                 text14       000000
__Ltext15                                 text15       000000
__Ltext16                                 text16       000000
__Ltext17                                 text17       000000
__Ltext18                                 text18       000000
__Ltext19                                 text19       000000
__Ltext2                                  text2        000000
__Ltext20                                 text20       000000
__Ltext21                                 text21       000000
__Ltext22                                 text22       000000
__Ltext23                                 text23       000000
__Ltext24                                 text24       000000
__Ltext25                                 text25       000000
__Ltext26                                 text26       000000
__Ltext27                                 text27       000000
__Ltext28                                 text28       000000
__Ltext29                                 text29       000000
__Ltext3                                  text3        000000
__Ltext30                                 text30       000000
__Ltext31                                 text31       000000
__Ltext4                                  text4        000000
__Ltext5                                  text5        000000
__Ltext6                                  text6        000000
__Ltext7                                  text7        000000
__Ltext8                                  text8        000000
__Ltext9                                  text9        000000
__S0                                      (abs)        0109B4
__S1                                      (abs)        00008F
__S2                                      (abs)        000000
__S4                                      (abs)        000000
__S5                                      (abs)        000000
___inthi_sp                               stack        000000
___intlo_sp                               stack        000000
___param_bank                             (abs)        000000
___rparam_used                            (abs)        000001
___sp                                     stack        000000
__accesstop                               (abs)        000060
__activetblptr                            (abs)        000003
__end_of_CLC1_Initialize                  text22       010818
__end_of_I2C1_Initialize                  text21       01088A
__end_of_INTERRUPT_Initialize             text20       0109B0
__end_of_INTERRUPT_InterruptManager       text23       01072A
__end_of_OLED_BlankDisplay                mediumconst  00FF6C
__end_of_OLED_InitCommands                mediumconst  00FF87
__end_of_OSCILLATOR_Initialize            text19       01092A
__end_of_Owl                              mediumconst  00FD03
__end_of_PIN_MANAGER_Initialize           text18       0105FA
__end_of_PMD_Initialize                   text17       010868
__end_of_PWM5_Initialize                  text16       010912
__end_of_RGB_Clear                        text6        01064E
__end_of_RGB_SendData                     text7        010954
__end_of_RGB_SetColor                     text4        010978
__end_of_SPI1_Initialize                  text15       0108FA
__end_of_SPI1_Open                        text5        010544
__end_of_SPI1_WriteByte                   text8        0108E0
__end_of_SYSTEM_Initialize                text9        0107EC
__end_of_TEST_Function                    text1        0109AC
__end_of_TEST_PIXELS                      text2        0108A8
__end_of_TMR1_CallBack                    text29       01078E
__end_of_TMR1_DefaultInterruptHandler     text30       0109B4
__end_of_TMR1_ISR                         text27       010940
__end_of_TMR1_Initialize                  text13       0106E2
__end_of_TMR1_SetInterruptHandler         text14       010994
__end_of_TMR1_WriteTimer                  text28       010844
__end_of_TMR2_Initialize                  text12       0108C6
__end_of_TMR4_CallBack                    text25       01075C
__end_of_TMR4_DefaultInterruptHandler     text26       0109B2
__end_of_TMR4_ISR                         text24       01099E
__end_of_TMR4_Initialize                  text10       0107BE
__end_of_TMR4_SetInterruptHandler         text11       010986
__end_of__initialization                  cinit        010694
__end_of_font5x7                          mediumconst  00FEE8
__end_of_font8x16                         mediumconst  00F8C5
__end_of_i2c1_fsmStateTable               mediumconst  00F8FE
__end_of_main                             text0        010966
__end_of_profitestCometsTail              text3        01046A
__end_of_spi1_configuration               mediumconst  00F903
__initialization                          cinit        01064E
__mediumconst                             mediumconst  00F2D0
__pbssBANK0                               bssBANK0     000060
__pbssCOMRAM                              bssCOMRAM    000001
__pcinit                                  cinit        01064E
__pcstackBANK0                            cstackBANK0  000078
__pcstackCOMRAM                           cstackCOMRAM 000035
__pdataCOMRAM                             dataCOMRAM   000045
__pidataCOMRAM                            idataCOMRAM  01099E
__pivt0x8                                 ivt0x8       000008
__pmediumconst                            mediumconst  00F2D0
__pnvBANK0                                nvBANK0      000089
__pnvCOMRAM                               nvCOMRAM     00004C
__ptext0                                  text0        010954
__ptext1                                  text1        0109A6
__ptext10                                 text10       01078E
__ptext11                                 text11       010978
__ptext12                                 text12       0108A8
__ptext13                                 text13       01069A
__ptext14                                 text14       010986
__ptext15                                 text15       0108E0
__ptext16                                 text16       0108FA
__ptext17                                 text17       010844
__ptext18                                 text18       010544
__ptext19                                 text19       010912
__ptext2                                  text2        01088A
__ptext20                                 text20       0109AC
__ptext21                                 text21       010868
__ptext22                                 text22       0107EC
__ptext23                                 text23       0106E2
__ptext24                                 text24       010994
__ptext25                                 text25       01072A
__ptext26                                 text26       0109B0
__ptext27                                 text27       01092A
__ptext28                                 text28       010818
__ptext29                                 text29       01075C
__ptext3                                  text3        010000
__ptext30                                 text30       0109B2
__ptext31                                 text31       000000
__ptext4                                  text4        010966
__ptext5                                  text5        01046A
__ptext6                                  text6        0105FA
__ptext7                                  text7        010940
__ptext8                                  text8        0108C6
__ptext9                                  text9        0107BE
__ramtop                                  ramtop       002000
__size_of_CLC1_Initialize                 (abs)        000000
__size_of_I2C1_Initialize                 (abs)        000000
__size_of_INTERRUPT_Initialize            (abs)        000000
__size_of_INTERRUPT_InterruptManager      (abs)        000000
__size_of_OSCILLATOR_Initialize           (abs)        000000
__size_of_PIN_MANAGER_Initialize          (abs)        000000
__size_of_PMD_Initialize                  (abs)        000000
__size_of_PWM5_Initialize                 (abs)        000000
__size_of_RGB_Clear                       (abs)        000000
__size_of_RGB_SendData                    (abs)        000000
__size_of_RGB_SetColor                    (abs)        000000
__size_of_SPI1_Initialize                 (abs)        000000
__size_of_SPI1_Open                       (abs)        000000
__size_of_SPI1_WriteByte                  (abs)        000000
__size_of_SYSTEM_Initialize               (abs)        000000
__size_of_TEST_Function                   (abs)        000000
__size_of_TEST_PIXELS                     (abs)        000000
__size_of_TMR1_CallBack                   (abs)        000000
__size_of_TMR1_DefaultInterruptHandler    (abs)        000000
__size_of_TMR1_ISR                        (abs)        000000
__size_of_TMR1_Initialize                 (abs)        000000
__size_of_TMR1_SetInterruptHandler        (abs)        000000
__size_of_TMR1_WriteTimer                 (abs)        000000
__size_of_TMR2_Initialize                 (abs)        000000
__size_of_TMR4_CallBack                   (abs)        000000
__size_of_TMR4_DefaultInterruptHandler    (abs)        000000
__size_of_TMR4_ISR                        (abs)        000000
__size_of_TMR4_Initialize                 (abs)        000000
__size_of_TMR4_SetInterruptHandler        (abs)        000000
__size_of_main                            (abs)        000000
__size_of_profitestCometsTail             (abs)        000000
__smallconst                              smallconst   000000
_font5x7                                  mediumconst  00FD03
_font8x16                                 mediumconst  00F2D1
_gBufSize                                 bssCOMRAM    00002F
_i2c1_fsmStateTable                       mediumconst  00F8C5
_isSwitchHeld                             bssCOMRAM    000031
_isSwitchPressed                          bssCOMRAM    000032
_main                                     text0        010954
_profitestCometsTail                      text3        010000
_profitestCometsTail$2637                 cstackBANK0  000078
_profitestCometsTail$2638                 cstackBANK0  00007A
_rd1RegCompleteHandler                    (abs)        000000
_rd2RegCompleteHandler                    (abs)        000000
_rdBlkRegCompleteHandler                  (abs)        000000
_selected                                 bssCOMRAM    000034
_spi1_configuration                       mediumconst  00F8FE
_switchSelected                           bssCOMRAM    000033
_timer1ReloadVal                          nvCOMRAM     00004C
_wr1RegCompleteHandler                    (abs)        000000
_wr2RegCompleteHandler                    (abs)        000000
end_of_initialization                     cinit        010694
intlevel0                                 text         000000
intlevel1                                 text         000000
intlevel2                                 text         000000
intlevel3                                 text         000000
isa$std                                   (abs)        000001
isa$xinst                                 (abs)        000000
ivt0x8_base                               ivt0x8       000008
profitestCometsTail@cometHeadLoc          cstackBANK0  000087
profitestCometsTail@cometTailLoc          cstackBANK0  000083
profitestCometsTail@frames                cstackBANK0  00007C
profitestCometsTail@i                     cstackBANK0  00007E
profitestCometsTail@ledN                  cstackBANK0  000085
profitestCometsTail@q                     cstackBANK0  000080
profitestCometsTail@tailLen               cstackBANK0  000082
stackhi                                   (abs)        001FFF
stacklo                                   (abs)        00008F
start                                     init         00001A
start_initialization                      cinit        01064E


MODULE INFORMATION

Module		Function		Class		Link	Load	Size
mcc_generated_files/tmr4.c
		_TMR4_ISR      		CODE           	10994	0000	10
		_TMR4_Initialize		CODE           	1078E	0000	48
		_TMR4_SetInterruptHandler		CODE           	10978	0000	14
		_TMR4_DefaultInterruptHandler		CODE           	109B0	0000	2
		_TMR4_CallBack 		CODE           	1072A	0000	50

mcc_generated_files/tmr4.c estimated size: 124

mcc_generated_files/i2c1_master.c
		_I2C1_Initialize		CODE           	10868	0000	34

mcc_generated_files/i2c1_master.c estimated size: 34

mcc_generated_files/tmr2.c
		_TMR2_Initialize		CODE           	108A8	0000	30

mcc_generated_files/tmr2.c estimated size: 30

mcc_generated_files/interrupt_manager.c
		_INTERRUPT_Initialize		CODE           	109AC	0000	4
		_INTERRUPT_InterruptManager		CODE           	106E2	0000	72

mcc_generated_files/interrupt_manager.c estimated size: 76

mcc_generated_files/pin_manager.c
		_PIN_MANAGER_Initialize		CODE           	10544	0000	182

mcc_generated_files/pin_manager.c estimated size: 182

test/test.c
		_TEST_Function 		CODE           	109A6	0000	6
		_TEST_PIXELS   		CODE           	1088A	0000	30
		_profitestCometsTail		CODE           	10000	0000	1130

test/test.c estimated size: 1166

mcc_generated_files/spi1.c
		_SPI1_WriteByte		CODE           	108C6	0000	26
		_SPI1_Open     		CODE           	1046A	0000	218
		_SPI1_Initialize		CODE           	108E0	0000	26

mcc_generated_files/spi1.c estimated size: 270

leds/spi_led.c
		_RGB_SendData  		CODE           	10940	0000	20
		_RGB_SetColor  		CODE           	10966	0000	18
		_RGB_Clear     		CODE           	105FA	0000	84

leds/spi_led.c estimated size: 122

shared
		_OLED_BlankDisplay		MEDIUMCONST    	FEE8	0000	132
		_Owl           		MEDIUMCONST    	F903	0000	1024
		_font5x7       		MEDIUMCONST    	FD03	0000	485
		__initialization		CODE           	1064E	0000	70
		_i2c1_fsmStateTable		MEDIUMCONST    	F8C5	0000	57
		_OLED_InitCommands		MEDIUMCONST    	FF6C	0000	27
		_font8x16      		MEDIUMCONST    	F2D1	0000	1524
		_spi1_configuration		MEDIUMCONST    	F8FE	0000	5

shared estimated size: 3324

mcc_generated_files/pwm5.c
		_PWM5_Initialize		CODE           	108FA	0000	24

mcc_generated_files/pwm5.c estimated size: 24

mcc_generated_files/mcc.c
		_PMD_Initialize		CODE           	10844	0000	36
		_OSCILLATOR_Initialize		CODE           	10912	0000	24
		_SYSTEM_Initialize		CODE           	107BE	0000	46

mcc_generated_files/mcc.c estimated size: 106

mcc_generated_files/tmr1.c
		_TMR1_Initialize		CODE           	1069A	0000	72
		_TMR1_SetInterruptHandler		CODE           	10986	0000	14
		_TMR1_DefaultInterruptHandler		CODE           	109B2	0000	2
		_TMR1_CallBack 		CODE           	1075C	0000	50
		_TMR1_WriteTimer		CODE           	10818	0000	44
		_TMR1_ISR      		CODE           	1092A	0000	22

mcc_generated_files/tmr1.c estimated size: 204

main.c
		_main          		CODE           	10954	0000	18

main.c estimated size: 18

mcc_generated_files/clc1.c
		_CLC1_Initialize		CODE           	107EC	0000	44

mcc_generated_files/clc1.c estimated size: 44

