Microchip MPLAB XC8 Compiler V2.32

Linker command line:

-W-3 --edf=C:\Program Files\Microchip\xc8\v2.32\pic\dat\en_msgs.txt \
  -pivt0x8=08h -cn -h+dist/default/debug\pic18k42.X.debug.sym \
  --cmf=dist/default/debug\pic18k42.X.debug.cmf -z -Q18F47K42 \
  -oC:\Users\MJ\AppData\Local\Temp\xcAst4.4 --defsym=__MPLAB_BUILD=1 \
  -Mdist/default/debug/pic18k42.X.debug.map -E1 -ver=XC8 Compiler \
  --acfsm=1493 -ASTACK=0A4h-01FFFh -pstack=STACK -ACODE=00h-01FFFFh \
  -ACONST=00h-01FFFFh -ASMALLCONST=02000h-020FFhx480 \
  -AMEDIUMCONST=02000h-0FFFFh,012000h-01FFFFh -ACOMRAM=01h-05Fh \
  -AABS1=00h-01FFFh -ABIGRAM=01h-01FFFh -ARAM=060h-0FFh,0100h-01FFhx31 \
  -ABANK0=060h-0FFh -ABANK1=0100h-01FFh -ABANK2=0200h-02FFh \
  -ABANK3=0300h-03FFh -ABANK4=0400h-04FFh -ABANK5=0500h-05FFh \
  -ABANK6=0600h-06FFh -ABANK7=0700h-07FFh -ABANK8=0800h-08FFh \
  -ABANK9=0900h-09FFh -ABANK10=0A00h-0AFFh -ABANK11=0B00h-0BFFh \
  -ABANK12=0C00h-0CFFh -ABANK13=0D00h-0DFFh -ABANK14=0E00h-0EFFh \
  -ABANK15=0F00h-0FFFh -ABANK16=01000h-010FFh -ABANK17=01100h-011FFh \
  -ABANK18=01200h-012FFh -ABANK19=01300h-013FFh -ABANK20=01400h-014FFh \
  -ABANK21=01500h-015FFh -ABANK22=01600h-016FFh -ABANK23=01700h-017FFh \
  -ABANK24=01800h-018FFh -ABANK25=01900h-019FFh -ABANK26=01A00h-01AFFh \
  -ABANK27=01B00h-01BFFh -ABANK28=01C00h-01CFFh -ABANK29=01D00h-01DFFh \
  -ABANK30=01E00h-01EFFh -ABANK31=01F00h-01FFFh \
  -ASFR=03800h-038FFhx7,03F00h-03F5Fh,03F60h-03FFFh \
  -ACONFIG=0300000h-0300009h -AIDLOC=0200000h-020000Fh \
  -AEEDATA=0310000h-03103FFh -peeprom_data=EEDATA -preset_vec=00h \
  -ppowerup=CODE,init -pramtop=02000h -psmallconst=SMALLCONST \
  -pmediumconst=MEDIUMCONST -pconst=CONST -AFARRAM=00h-00h \
  -prdata=COMRAM,nvrram=COMRAM,nvbit=COMRAM,rbss=COMRAM,rbit=COMRAM \
  -pfarbss=FARRAM,fardata=FARRAM,nvFARRAM=FARRAM \
  -pintsave_regs=BIGRAM,bigbss=BIGRAM,bigdata=BIGRAM -pbss=RAM \
  -pidata=CODE,irdata=CODE,ibigdata=CODE,ifardata=CODE -prparam=COMRAM \
  C:\Users\MJ\AppData\Local\Temp\xcAst4.o \
  dist/default/debug\pic18k42.X.debug.o 

Object code version is 3.11

Machine type is 18F47K42



                Name                               Link     Load   Length Selector   Space Scale
C:\Users\MJ\AppData\Local\Temp\xcAst4.o
                idloc                            200000   200000       10        0       5
                config                           300000   300000        A        0       4
                init                                 1A       1A        4        4       0
                reset_vec                             0        0        4        0       0
dist/default/debug\pic18k42.X.debug.o
                idloc                            200000   200000       10        0       5
                config                           300000   300000        A        0       4
                mediumconst                        F2D0     F2D0      D30     7968       0
                ivt0x8                                8        8       12        4       0
                text100                           1188E    1188E        2     8C1E       0
                text99                            11250    11250       32     8000       0
                text98                            11484    11484       2C     8000       0
                text97                            1174C    1174C       16     8000       0
                text96                            1188C    1188C        2     8C1E       0
                text95                            11636    11636       1C     8000       0
                text94                            1121E    1121E       32     8000       0
                text93                            11802    11802        A     8000       0
                text92                            11194    11194       48     8000       0
                text91                            11458    11458       2C     8000       0
                text90                            1154A    1154A       22     8000       0
                text89                            11888    11888        4     8C1E       0
                text88                            11684    11684       18     8000       0
                text87                            10694    10694       B6     8000       0
                text86                            11526    11526       24     8000       0
                text85                            1166C    1166C       18     8000       0
                text84                            11652    11652       1A     8000       0
                text83                            117BE    117BE        E     8000       0
                text82                            1114C    1114C       48     8000       0
                text81                            115A8    115A8       1E     8000       0
                text80                            117B0    117B0        E     8000       0
                text79                            11372    11372       30     8000       0
                text78                            113FE    113FE       2E     8000       0
                text77                            1182C    1182C        8     8000       0
                text76                            117D8    117D8        C     8000       0
                text75                            1158A    1158A       1E     8000       0
                text74                            1142C    1142C       2C     8000       0
                text73                            11872    11872        6     8C1E       0
                text72                            1186C    1186C        6     8C1E       0
                text71                            11866    11866        6     8C1E       0
                text70                            11736    11736       16     8000       0
                text69                            11720    11720       16     8000       0
                text68                            1170A    1170A       16     8000       0
                text67                            11062    11062       52     8000       0
                text66                            11502    11502       24     8000       0
                text65                            10BD6    10BD6       8E     8000       0
                text64                            1161A    1161A       1C     8000       0
                text63                            11342    11342       30     8000       0
                text62                            11312    11312       30     8000       0
                text61                            112E2    112E2       30     8000       0
                text60                            112B2    112B2       30     8000       0
                text59                            11282    11282       30     8000       0
                text58                            108AE    108AE       AC     8000       0
                text57                            11884    11884        4     8C1E       0
                text56                            11880    11880        4     8C1E       0
                text55                            117F8    117F8        A     8000       0
                text54                            11860    11860        6     8C1E       0
                text53                            1185A    1185A        6     8C1E       0
                text52                            117EE    117EE        A     8000       0
                text51                            117E4    117E4        A     8000       0
                text50                            11854    11854        6     8C1E       0
                text49                            116F4    116F4       16     8000       0
                text48                            1184E    1184E        6     8C1E       0
                text47                            11848    11848        6     8C1E       0
                text46                            11842    11842        6     8C1E       0
                text45                            1183C    1183C        6     8C1E       0
                text44                            116DE    116DE       16     8000       0
                text43                            116C8    116C8       16     8000       0
                text42                            11824    11824        8     8000       0
                text41                            117CC    117CC        C     8000       0
                text40                            113D0    113D0       2E     8000       0
                text39                            116B2    116B2       16     8000       0
                text38                            10466    10466      144     8000       0
                text37                            105AA    105AA       EA     8000       0
                text36                            10CF0    10CF0       7E     8000       0
                text35                            109FE    109FE       A4     8000       0
                text34                            117A2    117A2        E     8000       0
                text33                            1187C    1187C        4     8C1E       0
                text32                            11878    11878        4     8C1E       0
                text31                            114DA    114DA       28     8000       0
                text30                            1181C    1181C        8     8000       0
                text29                            11794    11794        E     8000       0
                text28                            11814    11814        8     8000       0
                text27                            11784    11784       10     8000       0
                text26                            10F46    10F46       6E     8000       0
                text25                            10E5E    10E5E       76     8000       0
                text24                            11774    11774       10     8000       0
                text23                            10ED4    10ED4       72     8000       0
                text22                            10FB4    10FB4       5C     8000       0
                text21                            1156C    1156C       1E     8000       0
                text20                            11010    11010       52     8000       0
                text19                            1180C    1180C        8     8000       0
                text18                            113A2    113A2       2E     8000       0
                text17                            1095A    1095A       A4     8000       0
                text16                            10AA2    10AA2       9C     8000       0
                text15                            10B3E    10B3E       98     8000       0
                text14                            10C64    10C64       8C     8000       0
                text13                            115FE    115FE       1C     8000       0
                text12                            115E2    115E2       1C     8000       0
                text11                            115C6    115C6       1C     8000       0
                text10                            11100    11100       4C     8000       0
                text9                             10DE8    10DE8       76     8000       0
                text8                             107FE    107FE       B0     8000       0
                text7                             114B0    114B0       2A     8000       0
                text6                             10252    10252      214     8000       0
                text5                             111DC    111DC       42     8000       0
                text4                             10D6E    10D6E       7A     8000       0
                text3                             1074A    1074A       B4     8000       0
                text2                             10000    10000      252     8000       0
                text1                             1169C    1169C       16     8000       0
                text0                             11762    11762       12     8000       0
                cstackCOMRAM                          1        1       46        1       1
                bssBANK0                             60       60       3E       60       1
                dataCOMRAM                           55       55        7        1       1
                bssCOMRAM                            47       47        E        1       1
                cinit                             110B4    110B4       4C     8000       0
                nvBANK0                              9E       9E        6       60       1
                nvCOMRAM                             5C       5C        2        1       1
                idataCOMRAM                       11834    11834        7     8000       0

TOTAL           Name                               Link     Load   Length     Space
        CLASS   STACK          

        CLASS   CODE           
                init                                 1A       1A        4         0
                reset_vec                             0        0        4         0
                ivt0x8                                8        8       12         0
                text100                           1188E    1188E        2         0
                text99                            11250    11250       32         0
                text98                            11484    11484       2C         0
                text97                            1174C    1174C       16         0
                text96                            1188C    1188C        2         0
                text95                            11636    11636       1C         0
                text94                            1121E    1121E       32         0
                text93                            11802    11802        A         0
                text92                            11194    11194       48         0
                text91                            11458    11458       2C         0
                text90                            1154A    1154A       22         0
                text89                            11888    11888        4         0
                text88                            11684    11684       18         0
                text87                            10694    10694       B6         0
                text86                            11526    11526       24         0
                text85                            1166C    1166C       18         0
                text84                            11652    11652       1A         0
                text83                            117BE    117BE        E         0
                text82                            1114C    1114C       48         0
                text81                            115A8    115A8       1E         0
                text80                            117B0    117B0        E         0
                text79                            11372    11372       30         0
                text78                            113FE    113FE       2E         0
                text77                            1182C    1182C        8         0
                text76                            117D8    117D8        C         0
                text75                            1158A    1158A       1E         0
                text74                            1142C    1142C       2C         0
                text73                            11872    11872        6         0
                text72                            1186C    1186C        6         0
                text71                            11866    11866        6         0
                text70                            11736    11736       16         0
                text69                            11720    11720       16         0
                text68                            1170A    1170A       16         0
                text67                            11062    11062       52         0
                text66                            11502    11502       24         0
                text65                            10BD6    10BD6       8E         0
                text64                            1161A    1161A       1C         0
                text63                            11342    11342       30         0
                text62                            11312    11312       30         0
                text61                            112E2    112E2       30         0
                text60                            112B2    112B2       30         0
                text59                            11282    11282       30         0
                text58                            108AE    108AE       AC         0
                text57                            11884    11884        4         0
                text56                            11880    11880        4         0
                text55                            117F8    117F8        A         0
                text54                            11860    11860        6         0
                text53                            1185A    1185A        6         0
                text52                            117EE    117EE        A         0
                text51                            117E4    117E4        A         0
                text50                            11854    11854        6         0
                text49                            116F4    116F4       16         0
                text48                            1184E    1184E        6         0
                text47                            11848    11848        6         0
                text46                            11842    11842        6         0
                text45                            1183C    1183C        6         0
                text44                            116DE    116DE       16         0
                text43                            116C8    116C8       16         0
                text42                            11824    11824        8         0
                text41                            117CC    117CC        C         0
                text40                            113D0    113D0       2E         0
                text39                            116B2    116B2       16         0
                text38                            10466    10466      144         0
                text37                            105AA    105AA       EA         0
                text36                            10CF0    10CF0       7E         0
                text35                            109FE    109FE       A4         0
                text34                            117A2    117A2        E         0
                text33                            1187C    1187C        4         0
                text32                            11878    11878        4         0
                text31                            114DA    114DA       28         0
                text30                            1181C    1181C        8         0
                text29                            11794    11794        E         0
                text28                            11814    11814        8         0
                text27                            11784    11784       10         0
                text26                            10F46    10F46       6E         0
                text25                            10E5E    10E5E       76         0
                text24                            11774    11774       10         0
                text23                            10ED4    10ED4       72         0
                text22                            10FB4    10FB4       5C         0
                text21                            1156C    1156C       1E         0
                text20                            11010    11010       52         0
                text19                            1180C    1180C        8         0
                text18                            113A2    113A2       2E         0
                text17                            1095A    1095A       A4         0
                text16                            10AA2    10AA2       9C         0
                text15                            10B3E    10B3E       98         0
                text14                            10C64    10C64       8C         0
                text13                            115FE    115FE       1C         0
                text12                            115E2    115E2       1C         0
                text11                            115C6    115C6       1C         0
                text10                            11100    11100       4C         0
                text9                             10DE8    10DE8       76         0
                text8                             107FE    107FE       B0         0
                text7                             114B0    114B0       2A         0
                text6                             10252    10252      214         0
                text5                             111DC    111DC       42         0
                text4                             10D6E    10D6E       7A         0
                text3                             1074A    1074A       B4         0
                text2                             10000    10000      252         0
                text1                             1169C    1169C       16         0
                text0                             11762    11762       12         0
                cinit                             110B4    110B4       4C         0
                idataCOMRAM                       11834    11834        7         0

        CLASS   CONST          

        CLASS   SMALLCONST     

        CLASS   MEDIUMCONST    
                mediumconst                        F2D0     F2D0      D30         0

        CLASS   COMRAM         
                cstackCOMRAM                          1        1       46         1
                dataCOMRAM                           55       55        7         1
                bssCOMRAM                            47       47        E         1
                nvCOMRAM                             5C       5C        2         1

        CLASS   ABS1           

        CLASS   BIGRAM         

        CLASS   RAM            

        CLASS   BANK0          
                bssBANK0                             60       60       3E         1
                nvBANK0                              9E       9E        6         1

        CLASS   BANK1          

        CLASS   BANK2          

        CLASS   BANK3          

        CLASS   BANK4          

        CLASS   BANK5          

        CLASS   BANK6          

        CLASS   BANK7          

        CLASS   BANK8          

        CLASS   BANK9          

        CLASS   BANK10         

        CLASS   BANK11         

        CLASS   BANK12         

        CLASS   BANK13         

        CLASS   BANK14         

        CLASS   BANK15         

        CLASS   BANK16         

        CLASS   BANK17         

        CLASS   BANK18         

        CLASS   BANK19         

        CLASS   BANK20         

        CLASS   BANK21         

        CLASS   BANK22         

        CLASS   BANK23         

        CLASS   BANK24         

        CLASS   BANK25         

        CLASS   BANK26         

        CLASS   BANK27         

        CLASS   BANK28         

        CLASS   BANK29         

        CLASS   BANK30         

        CLASS   BANK31         

        CLASS   SFR            

        CLASS   CONFIG         
                config                           300000   300000        A         4

        CLASS   IDLOC          
                idloc                            200000   200000       10         5

        CLASS   EEDATA         

        CLASS   FARRAM         



SEGMENTS        Name                           Load    Length   Top    Selector   Space  Class

                reset_vec                      000000  000004  000004         0       0  CODE    
                cstackCOMRAM                   000001  00005D  00005E         1       1  COMRAM  
                ivt0x8                         000008  000016  00001E         4       0  CODE    
                bssBANK0                       000060  000044  0000A4        60       1  BANK0   
                mediumconst                    00F2D0  000D30  010000      7968       0  MEDIUMCO
                text2                          010000  00183B  01183B      8000       0  CODE    
                text45                         01183C  000054  011890      8C1E       0  CODE    


UNUSED ADDRESS RANGES

        Name                Unused          Largest block    Delta
        BANK0            0000A4-0000FF               5C
        BANK1            000100-0001FF              100
        BANK10           000A00-000AFF              100
        BANK11           000B00-000BFF              100
        BANK12           000C00-000CFF              100
        BANK13           000D00-000DFF              100
        BANK14           000E00-000EFF              100
        BANK15           000F00-000FFF              100
        BANK16           001000-0010FF              100
        BANK17           001100-0011FF              100
        BANK18           001200-0012FF              100
        BANK19           001300-0013FF              100
        BANK2            000200-0002FF              100
        BANK20           001400-0014FF              100
        BANK21           001500-0015FF              100
        BANK22           001600-0016FF              100
        BANK23           001700-0017FF              100
        BANK24           001800-0018FF              100
        BANK25           001900-0019FF              100
        BANK26           001A00-001AFF              100
        BANK27           001B00-001BFF              100
        BANK28           001C00-001CFF              100
        BANK29           001D00-001DFF              100
        BANK3            000300-0003FF              100
        BANK30           001E00-001EFF              100
        BANK31           001F00-001FFF              100
        BANK4            000400-0004FF              100
        BANK5            000500-0005FF              100
        BANK6            000600-0006FF              100
        BANK7            000700-0007FF              100
        BANK8            000800-0008FF              100
        BANK9            000900-0009FF              100
        BIGRAM           00005E-00005F                2
                         0000A4-001FFF             1F5C
        CODE             000004-000007                4
                         00001E-00F2CF             F2B2
                         01183B-01183B                1
                         011890-01FFFF             E770
        COMRAM           00005E-00005F                2
        CONST            000004-000007                4
                         00001E-00F2CF             F2B2
                         01183B-01183B                1
                         011890-01FFFF             E770
        EEDATA           310000-3103FF              400
        MEDIUMCONST      002000-00F2CF             D2D0
                         012000-01FFFF             E000
        RAM              0000A4-001FFF              100
        SFR              003800-003FFF              100
        SMALLCONST       002000-00F2CF              100
                         01183B-01183B                1
                         011890-01FFFF              100
        STACK            0000A4-001FFF             1F5C

                                  Symbol Table

?___awmod                                 cstackCOMRAM 000003
?___wmul                                  cstackCOMRAM 000003
?_strlen                                  cstackCOMRAM 000003
I2C1_CallbackReturnReset@funPtr           cstackCOMRAM 00000E
I2C1_Close@returnValue                    cstackCOMRAM 000003
I2C1_DO_RX@retFsmState                    cstackCOMRAM 000016
I2C1_DO_TX@dataTx                         cstackCOMRAM 000016
I2C1_DO_TX@retFsmState                    cstackCOMRAM 000017
I2C1_MasterOperation@read                 cstackCOMRAM 000018
I2C1_MasterOperation@returnValue          cstackCOMRAM 000019
I2C1_MasterSendTxData@data                cstackCOMRAM 000003
I2C1_MasterSetCounter@counter             cstackCOMRAM 000003
I2C1_Open@address                         cstackCOMRAM 000003
I2C1_Open@returnValue                     cstackCOMRAM 000004
I2C1_SetAddressNackCallback@cb            cstackCOMRAM 000009
I2C1_SetAddressNackCallback@ptr           cstackCOMRAM 00000C
I2C1_SetBuffer@buffer                     cstackCOMRAM 000003
I2C1_SetBuffer@bufferSize                 cstackCOMRAM 000005
I2C1_SetCallback@cb                       cstackCOMRAM 000003
I2C1_SetCallback@idx                      cstackCOMRAM 000008
I2C1_SetCallback@ptr                      cstackCOMRAM 000006
I2C1_SetDataCompleteCallback@cb           cstackCOMRAM 000009
I2C1_SetDataCompleteCallback@ptr          cstackCOMRAM 00000C
I2C1_SetDataNackCallback@cb               cstackCOMRAM 000009
I2C1_SetDataNackCallback@ptr              cstackCOMRAM 00000C
I2C1_SetTimeoutCallback@cb                cstackCOMRAM 000009
I2C1_SetTimeoutCallback@ptr               cstackCOMRAM 00000C
IVTBASEH                                  (abs)        003FD6
IVTBASEL                                  (abs)        003FD5
IVTBASEU                                  (abs)        003FD7
OLED_ClearDisplay@678                     cstackCOMRAM 00001A
OLED_ClearDisplay@i                       cstackCOMRAM 000021
OLED_DrawBitmap@691                       cstackCOMRAM 000025
OLED_DrawBitmap@F690                      dataCOMRAM   00005B
OLED_DrawBitmap@i                         cstackCOMRAM 000026
OLED_DrawFont@702                         cstackCOMRAM 00002E
OLED_DrawFont@704                         cstackCOMRAM 000030
OLED_DrawFont@706                         cstackCOMRAM 000027
OLED_DrawFont@708                         cstackCOMRAM 000029
OLED_DrawFont@F705                        dataCOMRAM   000059
OLED_DrawFont@F707                        dataCOMRAM   000057
OLED_DrawFont@c                           cstackCOMRAM 00001F
OLED_DrawFont@chIndex                     cstackCOMRAM 000033
OLED_DrawFont@col                         cstackCOMRAM 00001E
OLED_DrawFont@firstChar                   cstackCOMRAM 00002C
OLED_DrawFont@font                        cstackCOMRAM 000020
OLED_DrawFont@fontBytes                   cstackCOMRAM 00002D
OLED_DrawFont@fontHeight                  cstackCOMRAM 00002B
OLED_DrawFont@fontWidth                   cstackCOMRAM 000032
OLED_DrawFont@i                           cstackCOMRAM 000035
OLED_DrawFont@invertBG                    cstackCOMRAM 000022
OLED_DrawString@col                       cstackCOMRAM 000036
OLED_DrawString@font                      cstackCOMRAM 000039
OLED_DrawString@i                         cstackCOMRAM 00003F
OLED_DrawString@invertBG                  cstackCOMRAM 00003B
OLED_DrawString@row                       cstackCOMRAM 00003E
OLED_DrawString@str                       cstackCOMRAM 000037
OLED_Send@bufSize                         cstackCOMRAM 00001C
OLED_Send@buffer                          cstackCOMRAM 00001A
OLED_SetCursor@686                        cstackCOMRAM 00001F
OLED_SetCursor@col                        cstackCOMRAM 00001A
OLED_SetCursor@row                        cstackCOMRAM 00001E
OLED_SetPixel@F730                        dataCOMRAM   000055
TEST_OLED@i                               cstackCOMRAM 000043
TMR1_SetInterruptHandler@InterruptHandler cstackCOMRAM 000003
TMR1_WriteTimer@timerVal                  cstackCOMRAM 000001
TMR4_SetInterruptHandler@InterruptHandler cstackCOMRAM 000003
WriteCompleteHandler@data                 cstackCOMRAM 00000E
_ANSELA                                   (abs)        003A40
_ANSELB                                   (abs)        003A50
_ANSELC                                   (abs)        003A60
_ANSELD                                   (abs)        003A70
_ANSELE                                   (abs)        003A80
_CCPTMRS1bits                             (abs)        003F5F
_CLC1CON                                  (abs)        003C74
_CLC1CONbits                              (abs)        003C74
_CLC1GLS0                                 (abs)        003C7A
_CLC1GLS1                                 (abs)        003C7B
_CLC1GLS2                                 (abs)        003C7C
_CLC1GLS3                                 (abs)        003C7D
_CLC1POL                                  (abs)        003C75
_CLC1SEL0                                 (abs)        003C76
_CLC1SEL1                                 (abs)        003C77
_CLC1SEL2                                 (abs)        003C78
_CLC1SEL3                                 (abs)        003C79
_CLC1_Initialize                          text91       011458
_DebounceCallback                         text95       011636
_I2C1CLK                                  (abs)        003D7B
_I2C1CNT                                  (abs)        003D6C
_I2C1CON0                                 (abs)        003D73
_I2C1CON0bits                             (abs)        003D73
_I2C1CON1                                 (abs)        003D74
_I2C1CON1bits                             (abs)        003D74
_I2C1CON2                                 (abs)        003D75
_I2C1ERR                                  (abs)        003D76
_I2C1ERRbits                              (abs)        003D76
_I2C1PIE                                  (abs)        003D7A
_I2C1PIEbits                              (abs)        003D7A
_I2C1PIR                                  (abs)        003D79
_I2C1PIRbits                              (abs)        003D79
_I2C1RXB                                  (abs)        003D6A
_I2C1SCLPPS                               (abs)        003AE1
_I2C1SDAPPS                               (abs)        003AE2
_I2C1STAT1bits                            (abs)        003D78
_I2C1TXB                                  (abs)        003D6B
_I2C1_CallbackReturnReset                 text56       011880
_I2C1_CallbackReturnStop                  text57       011884
_I2C1_ClearInterruptFlags                 text67       011062
_I2C1_Close                               text74       01142C
_I2C1_DO_ADDRESS_NACK                     text26       010F46
_I2C1_DO_BUS_COLLISION                    text25       010E5E
_I2C1_DO_BUS_ERROR                        text24       011774
_I2C1_DO_IDLE                             text41       0117CC
_I2C1_DO_RESET                            text27       011784
_I2C1_DO_RX                               text37       0105AA
_I2C1_DO_RX_ACK                           text30       01181C
_I2C1_DO_RX_EMPTY                         text35       0109FE
_I2C1_DO_RX_NACK_RESTART                  text28       011814
_I2C1_DO_RX_NACK_STOP                     text29       011794
_I2C1_DO_SEND_ADR_READ                    text40       0113D0
_I2C1_DO_SEND_ADR_WRITE                   text39       0116B2
_I2C1_DO_SEND_RESTART                     text32       011878
_I2C1_DO_SEND_RESTART_READ                text34       0117A2
_I2C1_DO_SEND_RESTART_WRITE               text33       01187C
_I2C1_DO_SEND_STOP                        text31       0114DA
_I2C1_DO_TX                               text38       010466
_I2C1_DO_TX$1203                          cstackCOMRAM 000014
_I2C1_DO_TX_ACK                           text42       011824
_I2C1_DO_TX_EMPTY                         text36       010CF0
_I2C1_Initialize                          text90       01154A
_I2C1_MasterClearCountFlag                text73       011872
_I2C1_MasterClearIrq                      text77       01182C
_I2C1_MasterClearNackFlag                 text72       01186C
_I2C1_MasterClearStopFlag                 text71       011866
_I2C1_MasterClose                         text76       0117D8
_I2C1_MasterDisableIrq                    text75       01158A
_I2C1_MasterDisableRestart                text54       011860
_I2C1_MasterEnableRestart                 text53       01185A
_I2C1_MasterFsm                           text23       010ED4
_I2C1_MasterGetCounter                    text45       01183C
_I2C1_MasterGetRxData                     text50       011854
_I2C1_MasterIsCountFlagSet                text70       011736
_I2C1_MasterIsNack                        text44       0116DE
_I2C1_MasterIsNackFlagSet                 text69       011720
_I2C1_MasterIsRxBufFull                   text49       0116F4
_I2C1_MasterIsStopFlagSet                 text68       01170A
_I2C1_MasterIsTxBufEmpty                  text43       0116C8
_I2C1_MasterOpen                          text18       0113A2
_I2C1_MasterOperation                     text20       011010
_I2C1_MasterResetBus                      text55       0117F8
_I2C1_MasterSendAck                       text48       01184E
_I2C1_MasterSendNack                      text47       011848
_I2C1_MasterSendTxData                    text51       0117E4
_I2C1_MasterSetCounter                    text52       0117EE
_I2C1_MasterStop                          text46       011842
_I2C1_MasterWaitForEvent                  text22       010FB4
_I2C1_MasterWrite                         text19       01180C
_I2C1_Open                                text17       01095A
_I2C1_Poller                              text21       01156C
_I2C1_SetAddressNackCallback              text13       0115FE
_I2C1_SetBuffer                           text66       011502
_I2C1_SetCallback                         text65       010BD6
_I2C1_SetDataCompleteCallback             text64       01161A
_I2C1_SetDataNackCallback                 text12       0115E2
_I2C1_SetTimeoutCallback                  text11       0115C6
_I2C1_Status                              bssBANK0     000060
_INLVLA                                   (abs)        003A44
_INLVLB                                   (abs)        003A54
_INLVLC                                   (abs)        003A64
_INLVLD                                   (abs)        003A74
_INLVLE                                   (abs)        003A84
_INTCON0bits                              (abs)        003FD2
_INTERRUPT_Initialize                     text89       011888
_INTERRUPT_InterruptManager               text92       011194
_LATA                                     (abs)        003FBA
_LATB                                     (abs)        003FBB
_LATC                                     (abs)        003FBC
_LATD                                     (abs)        003FBD
_LATE                                     (abs)        003FBE
_LATEbits                                 (abs)        003FBE
_ODCONA                                   (abs)        003A42
_ODCONB                                   (abs)        003A52
_ODCONC                                   (abs)        003A62
_ODCOND                                   (abs)        003A72
_ODCONE                                   (abs)        003A82
_OLED_BlankDisplay                        mediumconst  00FEE8
_OLED_ClearDisplay                        text16       010AA2
_OLED_DrawBitmap                          text14       010C64
_OLED_DrawFont                            text6        010252
_OLED_DrawString                          text4        010D6E
_OLED_InitCommands                        mediumconst  00FF6C
_OLED_Initialize                          text9        010DE8
_OLED_Send                                text10       011100
_OLED_SetCursor                           text15       010B3E
_OSCCON1                                  (abs)        0039D9
_OSCCON3                                  (abs)        0039DB
_OSCEN                                    (abs)        0039DD
_OSCFRQ                                   (abs)        0039DF
_OSCILLATOR_Initialize                    text88       011684
_OSCTUNE                                  (abs)        0039DE
_Owl                                      mediumconst  00F903
_PIE2bits                                 (abs)        003992
_PIE3bits                                 (abs)        003993
_PIE4bits                                 (abs)        003994
_PIE7bits                                 (abs)        003997
_PIN_MANAGER_Initialize                   text87       010694
_PIR2bits                                 (abs)        0039A2
_PIR3bits                                 (abs)        0039A3
_PIR4bits                                 (abs)        0039A4
_PIR7bits                                 (abs)        0039A7
_PMD0                                     (abs)        0039C0
_PMD1                                     (abs)        0039C1
_PMD2                                     (abs)        0039C2
_PMD3                                     (abs)        0039C3
_PMD4                                     (abs)        0039C4
_PMD5                                     (abs)        0039C5
_PMD6                                     (abs)        0039C6
_PMD7                                     (abs)        0039C7
_PMD_Initialize                           text86       011526
_PORTEbits                                (abs)        003FCE
_PR2                                      (abs)        003FAB
_PR4                                      (abs)        003F9F
_PWM5CON                                  (abs)        003F6E
_PWM5DCH                                  (abs)        003F6D
_PWM5DCL                                  (abs)        003F6C
_PWM5_Initialize                          text85       01166C
_RB1I2C                                   (abs)        003A5A
_RB2I2C                                   (abs)        003A5B
_RC0PPS                                   (abs)        003A10
_RC2PPS                                   (abs)        003A12
_RC3I2C                                   (abs)        003A6A
_RC3PPS                                   (abs)        003A13
_RC4I2C                                   (abs)        003A6B
_RC4PPS                                   (abs)        003A14
_RC7PPS                                   (abs)        003A17
_RD0I2C                                   (abs)        003A7A
_RD1I2C                                   (abs)        003A7B
_SLRCONA                                  (abs)        003A43
_SLRCONB                                  (abs)        003A53
_SLRCONC                                  (abs)        003A63
_SLRCOND                                  (abs)        003A73
_SLRCONE                                  (abs)        003A83
_SPI1BAUD                                 (abs)        003D19
_SPI1CLK                                  (abs)        003D1C
_SPI1CON0                                 (abs)        003D14
_SPI1CON0bits                             (abs)        003D14
_SPI1CON1                                 (abs)        003D15
_SPI1CON2                                 (abs)        003D16
_SPI1RXB                                  (abs)        003D10
_SPI1SCKPPS                               (abs)        003ADE
_SPI1SDIPPS                               (abs)        003ADF
_SPI1STATUSbits                           (abs)        003D17
_SPI1TCNTL                                (abs)        003D12
_SPI1TXB                                  (abs)        003D11
_SPI1_Initialize                          text84       011652
_SYSTEM_Initialize                        text78       0113FE
_T1CLK                                    (abs)        003FB5
_T1CON                                    (abs)        003FB2
_T1CONbits                                (abs)        003FB2
_T1GATE                                   (abs)        003FB4
_T1GCON                                   (abs)        003FB3
_T1GCONbits                               (abs)        003FB3
_T2CLKCON                                 (abs)        003FAE
_T2CON                                    (abs)        003FAC
_T2CONbits                                (abs)        003FAC
_T2HLT                                    (abs)        003FAD
_T2HLTbits                                (abs)        003FAD
_T2PR                                     (abs)        003FAB
_T2RST                                    (abs)        003FAF
_T2RSTbits                                (abs)        003FAF
_T2TMR                                    (abs)        003FAA
_T4CLKCON                                 (abs)        003FA2
_T4CON                                    (abs)        003FA0
_T4CONbits                                (abs)        003FA0
_T4HLT                                    (abs)        003FA1
_T4HLTbits                                (abs)        003FA1
_T4INPPS                                  (abs)        003ACB
_T4PR                                     (abs)        003F9F
_T4RST                                    (abs)        003FA3
_T4RSTbits                                (abs)        003FA3
_T4TMR                                    (abs)        003F9E
_TEST_Function                            text1        01169C
_TEST_OLED                                text2        010000
_TMR1H                                    (abs)        003FB1
_TMR1L                                    (abs)        003FB0
_TMR1_CallBack                            text99       011250
_TMR1_DefaultInterruptHandler             text100      01188E
_TMR1_ISR                                 text97       01174C
_TMR1_Initialize                          text82       01114C
_TMR1_InterruptHandler                    nvBANK0      0000A1
_TMR1_SetInterruptHandler                 text83       0117BE
_TMR1_WriteTimer                          text98       011484
_TMR2                                     (abs)        003FAA
_TMR2_Initialize                          text81       0115A8
_TMR4                                     (abs)        003F9E
_TMR4_CallBack                            text94       01121E
_TMR4_DefaultInterruptHandler             text96       01188C
_TMR4_ISR                                 text93       011802
_TMR4_Initialize                          text79       011372
_TMR4_InterruptHandler                    nvBANK0      00009E
_TMR4_SetInterruptHandler                 text80       0117B0
_TRISA                                    (abs)        003FC2
_TRISB                                    (abs)        003FC3
_TRISC                                    (abs)        003FC4
_TRISCbits                                (abs)        003FC4
_TRISD                                    (abs)        003FC5
_TRISE                                    (abs)        003FC6
_WPUA                                     (abs)        003A41
_WPUB                                     (abs)        003A51
_WPUC                                     (abs)        003A61
_WPUD                                     (abs)        003A71
_WPUE                                     (abs)        003A81
_WriteCompleteHandler                     text62       011312
__HRAM                                    (abs)        000000
__Habs1                                   abs1         000000
__Hbank0                                  bank0        000000
__Hbank1                                  bank1        000000
__Hbank10                                 bank10       000000
__Hbank11                                 bank11       000000
__Hbank12                                 bank12       000000
__Hbank13                                 bank13       000000
__Hbank14                                 bank14       000000
__Hbank15                                 bank15       000000
__Hbank16                                 bank16       000000
__Hbank17                                 bank17       000000
__Hbank18                                 bank18       000000
__Hbank19                                 bank19       000000
__Hbank2                                  bank2        000000
__Hbank20                                 bank20       000000
__Hbank21                                 bank21       000000
__Hbank22                                 bank22       000000
__Hbank23                                 bank23       000000
__Hbank24                                 bank24       000000
__Hbank25                                 bank25       000000
__Hbank26                                 bank26       000000
__Hbank27                                 bank27       000000
__Hbank28                                 bank28       000000
__Hbank29                                 bank29       000000
__Hbank3                                  bank3        000000
__Hbank30                                 bank30       000000
__Hbank31                                 bank31       000000
__Hbank4                                  bank4        000000
__Hbank5                                  bank5        000000
__Hbank6                                  bank6        000000
__Hbank7                                  bank7        000000
__Hbank8                                  bank8        000000
__Hbank9                                  bank9        000000
__Hbigbss                                 bigbss       000000
__Hbigdata                                bigdata      000000
__Hbigram                                 bigram       000000
__Hbss                                    bss          000000
__HbssBANK0                               bssBANK0     000000
__HbssCOMRAM                              bssCOMRAM    000000
__Hcinit                                  cinit        000000
__Hclrtext                                clrtext      000000
__Hcomram                                 comram       000000
__Hconfig                                 config       30000A
__Hconst                                  const        000000
__HcstackCOMRAM                           cstackCOMRAM 000000
__Hdata                                   data         000000
__HdataCOMRAM                             dataCOMRAM   000000
__Heeprom_data                            eeprom_data  000000
__Hfarbss                                 farbss       000000
__Hfardata                                fardata      000000
__Hibigdata                               ibigdata     000000
__Hidata                                  idata        000000
__HidataCOMRAM                            idataCOMRAM  000000
__Hidloc                                  idloc        200010
__Hifardata                               ifardata     000000
__Hinit                                   init         00001E
__Hintsave_regs                           intsave_regs 000000
__Hirdata                                 irdata       000000
__Hivt0x8                                 ivt0x8       00001A
__Hmediumconst                            mediumconst  010000
__HnvBANK0                                nvBANK0      000000
__HnvCOMRAM                               nvCOMRAM     000000
__HnvFARRAM                               nvFARRAM     000000
__Hnvbit                                  nvbit        000000
__Hnvrram                                 nvrram       000000
__Hparam                                  rparam       000000
__Hpowerup                                powerup      000000
__Hram                                    ram          000000
__Hramtop                                 ramtop       002000
__Hrbit                                   rbit         000000
__Hrbss                                   rbss         000000
__Hrdata                                  rdata        000000
__Hreset_vec                              reset_vec    000004
__Hrparam                                 rparam       000000
__Hsfr                                    sfr          000000
__Hsmallconst                             smallconst   000000
__Hspace_0                                (abs)        011890
__Hspace_1                                (abs)        0000A4
__Hspace_2                                (abs)        000000
__Hspace_4                                (abs)        60000A
__Hstack                                  stack        000000
__Hstruct                                 struct       000000
__Htemp                                   temp         000000
__Htext                                   text         000000
__Htext0                                  text0        000000
__Htext1                                  text1        000000
__Htext10                                 text10       000000
__Htext100                                text100      000000
__Htext101                                text101      000000
__Htext11                                 text11       000000
__Htext12                                 text12       000000
__Htext13                                 text13       000000
__Htext14                                 text14       000000
__Htext15                                 text15       000000
__Htext16                                 text16       000000
__Htext17                                 text17       000000
__Htext18                                 text18       000000
__Htext19                                 text19       000000
__Htext2                                  text2        000000
__Htext20                                 text20       000000
__Htext21                                 text21       000000
__Htext22                                 text22       000000
__Htext23                                 text23       000000
__Htext24                                 text24       000000
__Htext25                                 text25       000000
__Htext26                                 text26       000000
__Htext27                                 text27       000000
__Htext28                                 text28       000000
__Htext29                                 text29       000000
__Htext3                                  text3        000000
__Htext30                                 text30       000000
__Htext31                                 text31       000000
__Htext32                                 text32       000000
__Htext33                                 text33       000000
__Htext34                                 text34       000000
__Htext35                                 text35       000000
__Htext36                                 text36       000000
__Htext37                                 text37       000000
__Htext38                                 text38       000000
__Htext39                                 text39       000000
__Htext4                                  text4        000000
__Htext40                                 text40       000000
__Htext41                                 text41       000000
__Htext42                                 text42       000000
__Htext43                                 text43       000000
__Htext44                                 text44       000000
__Htext45                                 text45       000000
__Htext46                                 text46       000000
__Htext47                                 text47       000000
__Htext48                                 text48       000000
__Htext49                                 text49       000000
__Htext5                                  text5        000000
__Htext50                                 text50       000000
__Htext51                                 text51       000000
__Htext52                                 text52       000000
__Htext53                                 text53       000000
__Htext54                                 text54       000000
__Htext55                                 text55       000000
__Htext56                                 text56       000000
__Htext57                                 text57       000000
__Htext58                                 text58       000000
__Htext59                                 text59       000000
__Htext6                                  text6        000000
__Htext60                                 text60       000000
__Htext61                                 text61       000000
__Htext62                                 text62       000000
__Htext63                                 text63       000000
__Htext64                                 text64       000000
__Htext65                                 text65       000000
__Htext66                                 text66       000000
__Htext67                                 text67       000000
__Htext68                                 text68       000000
__Htext69                                 text69       000000
__Htext7                                  text7        000000
__Htext70                                 text70       000000
__Htext71                                 text71       000000
__Htext72                                 text72       000000
__Htext73                                 text73       000000
__Htext74                                 text74       000000
__Htext75                                 text75       000000
__Htext76                                 text76       000000
__Htext77                                 text77       000000
__Htext78                                 text78       000000
__Htext79                                 text79       000000
__Htext8                                  text8        000000
__Htext80                                 text80       000000
__Htext81                                 text81       000000
__Htext82                                 text82       000000
__Htext83                                 text83       000000
__Htext84                                 text84       000000
__Htext85                                 text85       000000
__Htext86                                 text86       000000
__Htext87                                 text87       000000
__Htext88                                 text88       000000
__Htext89                                 text89       000000
__Htext9                                  text9        000000
__Htext90                                 text90       000000
__Htext91                                 text91       000000
__Htext92                                 text92       000000
__Htext93                                 text93       000000
__Htext94                                 text94       000000
__Htext95                                 text95       000000
__Htext96                                 text96       000000
__Htext97                                 text97       000000
__Htext98                                 text98       000000
__Htext99                                 text99       000000
__LRAM                                    (abs)        000001
__Labs1                                   abs1         000000
__Lbank0                                  bank0        000000
__Lbank1                                  bank1        000000
__Lbank10                                 bank10       000000
__Lbank11                                 bank11       000000
__Lbank12                                 bank12       000000
__Lbank13                                 bank13       000000
__Lbank14                                 bank14       000000
__Lbank15                                 bank15       000000
__Lbank16                                 bank16       000000
__Lbank17                                 bank17       000000
__Lbank18                                 bank18       000000
__Lbank19                                 bank19       000000
__Lbank2                                  bank2        000000
__Lbank20                                 bank20       000000
__Lbank21                                 bank21       000000
__Lbank22                                 bank22       000000
__Lbank23                                 bank23       000000
__Lbank24                                 bank24       000000
__Lbank25                                 bank25       000000
__Lbank26                                 bank26       000000
__Lbank27                                 bank27       000000
__Lbank28                                 bank28       000000
__Lbank29                                 bank29       000000
__Lbank3                                  bank3        000000
__Lbank30                                 bank30       000000
__Lbank31                                 bank31       000000
__Lbank4                                  bank4        000000
__Lbank5                                  bank5        000000
__Lbank6                                  bank6        000000
__Lbank7                                  bank7        000000
__Lbank8                                  bank8        000000
__Lbank9                                  bank9        000000
__Lbigbss                                 bigbss       000000
__Lbigdata                                bigdata      000000
__Lbigram                                 bigram       000000
__Lbss                                    bss          000000
__LbssBANK0                               bssBANK0     000000
__LbssCOMRAM                              bssCOMRAM    000000
__Lcinit                                  cinit        000000
__Lclrtext                                clrtext      000000
__Lcomram                                 comram       000000
__Lconfig                                 config       000000
__Lconst                                  const        000000
__LcstackCOMRAM                           cstackCOMRAM 000000
__Ldata                                   data         000000
__LdataCOMRAM                             dataCOMRAM   000000
__Leeprom_data                            eeprom_data  000000
__Lfarbss                                 farbss       000000
__Lfardata                                fardata      000000
__Libigdata                               ibigdata     000000
__Lidata                                  idata        000000
__LidataCOMRAM                            idataCOMRAM  000000
__Lidloc                                  idloc        000000
__Lifardata                               ifardata     000000
__Linit                                   init         00001A
__Lintsave_regs                           intsave_regs 000000
__Lirdata                                 irdata       000000
__Livt0x8                                 ivt0x8       000008
__Lmediumconst                            mediumconst  00F2D0
__LnvBANK0                                nvBANK0      000000
__LnvCOMRAM                               nvCOMRAM     000000
__LnvFARRAM                               nvFARRAM     000000
__Lnvbit                                  nvbit        000000
__Lnvrram                                 nvrram       000000
__Lparam                                  rparam       000000
__Lpowerup                                powerup      000000
__Lram                                    ram          000000
__Lramtop                                 ramtop       002000
__Lrbit                                   rbit         000000
__Lrbss                                   rbss         000000
__Lrdata                                  rdata        000000
__Lreset_vec                              reset_vec    000000
__Lrparam                                 rparam       000000
__Lsfr                                    sfr          000000
__Lsmallconst                             smallconst   000000
__Lspace_0                                (abs)        000000
__Lspace_1                                (abs)        000000
__Lspace_2                                (abs)        000000
__Lspace_4                                (abs)        000000
__Lstack                                  stack        000000
__Lstruct                                 struct       000000
__Ltemp                                   temp         000000
__Ltext                                   text         000000
__Ltext0                                  text0        000000
__Ltext1                                  text1        000000
__Ltext10                                 text10       000000
__Ltext100                                text100      000000
__Ltext101                                text101      000000
__Ltext11                                 text11       000000
__Ltext12                                 text12       000000
__Ltext13                                 text13       000000
__Ltext14                                 text14       000000
__Ltext15                                 text15       000000
__Ltext16                                 text16       000000
__Ltext17                                 text17       000000
__Ltext18                                 text18       000000
__Ltext19                                 text19       000000
__Ltext2                                  text2        000000
__Ltext20                                 text20       000000
__Ltext21                                 text21       000000
__Ltext22                                 text22       000000
__Ltext23                                 text23       000000
__Ltext24                                 text24       000000
__Ltext25                                 text25       000000
__Ltext26                                 text26       000000
__Ltext27                                 text27       000000
__Ltext28                                 text28       000000
__Ltext29                                 text29       000000
__Ltext3                                  text3        000000
__Ltext30                                 text30       000000
__Ltext31                                 text31       000000
__Ltext32                                 text32       000000
__Ltext33                                 text33       000000
__Ltext34                                 text34       000000
__Ltext35                                 text35       000000
__Ltext36                                 text36       000000
__Ltext37                                 text37       000000
__Ltext38                                 text38       000000
__Ltext39                                 text39       000000
__Ltext4                                  text4        000000
__Ltext40                                 text40       000000
__Ltext41                                 text41       000000
__Ltext42                                 text42       000000
__Ltext43                                 text43       000000
__Ltext44                                 text44       000000
__Ltext45                                 text45       000000
__Ltext46                                 text46       000000
__Ltext47                                 text47       000000
__Ltext48                                 text48       000000
__Ltext49                                 text49       000000
__Ltext5                                  text5        000000
__Ltext50                                 text50       000000
__Ltext51                                 text51       000000
__Ltext52                                 text52       000000
__Ltext53                                 text53       000000
__Ltext54                                 text54       000000
__Ltext55                                 text55       000000
__Ltext56                                 text56       000000
__Ltext57                                 text57       000000
__Ltext58                                 text58       000000
__Ltext59                                 text59       000000
__Ltext6                                  text6        000000
__Ltext60                                 text60       000000
__Ltext61                                 text61       000000
__Ltext62                                 text62       000000
__Ltext63                                 text63       000000
__Ltext64                                 text64       000000
__Ltext65                                 text65       000000
__Ltext66                                 text66       000000
__Ltext67                                 text67       000000
__Ltext68                                 text68       000000
__Ltext69                                 text69       000000
__Ltext7                                  text7        000000
__Ltext70                                 text70       000000
__Ltext71                                 text71       000000
__Ltext72                                 text72       000000
__Ltext73                                 text73       000000
__Ltext74                                 text74       000000
__Ltext75                                 text75       000000
__Ltext76                                 text76       000000
__Ltext77                                 text77       000000
__Ltext78                                 text78       000000
__Ltext79                                 text79       000000
__Ltext8                                  text8        000000
__Ltext80                                 text80       000000
__Ltext81                                 text81       000000
__Ltext82                                 text82       000000
__Ltext83                                 text83       000000
__Ltext84                                 text84       000000
__Ltext85                                 text85       000000
__Ltext86                                 text86       000000
__Ltext87                                 text87       000000
__Ltext88                                 text88       000000
__Ltext89                                 text89       000000
__Ltext9                                  text9        000000
__Ltext90                                 text90       000000
__Ltext91                                 text91       000000
__Ltext92                                 text92       000000
__Ltext93                                 text93       000000
__Ltext94                                 text94       000000
__Ltext95                                 text95       000000
__Ltext96                                 text96       000000
__Ltext97                                 text97       000000
__Ltext98                                 text98       000000
__Ltext99                                 text99       000000
__S0                                      (abs)        011890
__S1                                      (abs)        0000A4
__S2                                      (abs)        000000
__S4                                      (abs)        000000
__S5                                      (abs)        000000
___awmod                                  text8        0107FE
___awmod@counter                          cstackCOMRAM 000007
___awmod@dividend                         cstackCOMRAM 000003
___awmod@divisor                          cstackCOMRAM 000005
___awmod@sign                             cstackCOMRAM 000008
___inthi_sp                               stack        000000
___intlo_sp                               stack        000000
___param_bank                             (abs)        000000
___rparam_used                            (abs)        000001
___sp                                     stack        000000
___wmul                                   text7        0114B0
___wmul@multiplicand                      cstackCOMRAM 000005
___wmul@multiplier                        cstackCOMRAM 000003
___wmul@product                           cstackCOMRAM 000007
__accesstop                               (abs)        000060
__activetblptr                            (abs)        000003
__end_of_CLC1_Initialize                  text91       011484
__end_of_DebounceCallback                 text95       011652
__end_of_I2C1_CallbackReturnReset         text56       011884
__end_of_I2C1_CallbackReturnStop          text57       011888
__end_of_I2C1_ClearInterruptFlags         text67       0110B4
__end_of_I2C1_Close                       text74       011458
__end_of_I2C1_DO_ADDRESS_NACK             text26       010FB4
__end_of_I2C1_DO_BUS_COLLISION            text25       010ED4
__end_of_I2C1_DO_BUS_ERROR                text24       011784
__end_of_I2C1_DO_IDLE                     text41       0117D8
__end_of_I2C1_DO_RESET                    text27       011794
__end_of_I2C1_DO_RX                       text37       010694
__end_of_I2C1_DO_RX_ACK                   text30       011824
__end_of_I2C1_DO_RX_EMPTY                 text35       010AA2
__end_of_I2C1_DO_RX_NACK_RESTART          text28       01181C
__end_of_I2C1_DO_RX_NACK_STOP             text29       0117A2
__end_of_I2C1_DO_SEND_ADR_READ            text40       0113FE
__end_of_I2C1_DO_SEND_ADR_WRITE           text39       0116C8
__end_of_I2C1_DO_SEND_RESTART             text32       01187C
__end_of_I2C1_DO_SEND_RESTART_READ        text34       0117B0
__end_of_I2C1_DO_SEND_RESTART_WRITE       text33       011880
__end_of_I2C1_DO_SEND_STOP                text31       011502
__end_of_I2C1_DO_TX                       text38       0105AA
__end_of_I2C1_DO_TX_ACK                   text42       01182C
__end_of_I2C1_DO_TX_EMPTY                 text36       010D6E
__end_of_I2C1_Initialize                  text90       01156C
__end_of_I2C1_MasterClearCountFlag        text73       011878
__end_of_I2C1_MasterClearIrq              text77       011834
__end_of_I2C1_MasterClearNackFlag         text72       011872
__end_of_I2C1_MasterClearStopFlag         text71       01186C
__end_of_I2C1_MasterClose                 text76       0117E4
__end_of_I2C1_MasterDisableIrq            text75       0115A8
__end_of_I2C1_MasterDisableRestart        text54       011866
__end_of_I2C1_MasterEnableRestart         text53       011860
__end_of_I2C1_MasterFsm                   text23       010F46
__end_of_I2C1_MasterGetCounter            text45       011842
__end_of_I2C1_MasterGetRxData             text50       01185A
__end_of_I2C1_MasterIsCountFlagSet        text70       01174C
__end_of_I2C1_MasterIsNack                text44       0116F4
__end_of_I2C1_MasterIsNackFlagSet         text69       011736
__end_of_I2C1_MasterIsRxBufFull           text49       01170A
__end_of_I2C1_MasterIsStopFlagSet         text68       011720
__end_of_I2C1_MasterIsTxBufEmpty          text43       0116DE
__end_of_I2C1_MasterOpen                  text18       0113D0
__end_of_I2C1_MasterOperation             text20       011062
__end_of_I2C1_MasterResetBus              text55       011802
__end_of_I2C1_MasterSendAck               text48       011854
__end_of_I2C1_MasterSendNack              text47       01184E
__end_of_I2C1_MasterSendTxData            text51       0117EE
__end_of_I2C1_MasterSetCounter            text52       0117F8
__end_of_I2C1_MasterStop                  text46       011848
__end_of_I2C1_MasterWaitForEvent          text22       011010
__end_of_I2C1_MasterWrite                 text19       011814
__end_of_I2C1_Open                        text17       0109FE
__end_of_I2C1_Poller                      text21       01158A
__end_of_I2C1_SetAddressNackCallback      text13       01161A
__end_of_I2C1_SetBuffer                   text66       011526
__end_of_I2C1_SetCallback                 text65       010C64
__end_of_I2C1_SetDataCompleteCallback     text64       011636
__end_of_I2C1_SetDataNackCallback         text12       0115FE
__end_of_I2C1_SetTimeoutCallback          text11       0115E2
__end_of_INTERRUPT_Initialize             text89       01188C
__end_of_INTERRUPT_InterruptManager       text92       0111DC
__end_of_OLED_BlankDisplay                mediumconst  00FF6C
__end_of_OLED_ClearDisplay                text16       010B3E
__end_of_OLED_DrawBitmap                  text14       010CF0
__end_of_OLED_DrawFont                    text6        010466
__end_of_OLED_DrawString                  text4        010DE8
__end_of_OLED_InitCommands                mediumconst  00FF87
__end_of_OLED_Initialize                  text9        010E5E
__end_of_OLED_Send                        text10       01114C
__end_of_OLED_SetCursor                   text15       010BD6
__end_of_OSCILLATOR_Initialize            text88       01169C
__end_of_Owl                              mediumconst  00FD03
__end_of_PIN_MANAGER_Initialize           text87       01074A
__end_of_PMD_Initialize                   text86       01154A
__end_of_PWM5_Initialize                  text85       011684
__end_of_SPI1_Initialize                  text84       01166C
__end_of_SYSTEM_Initialize                text78       01142C
__end_of_TEST_Function                    text1        0116B2
__end_of_TEST_OLED                        text2        010252
__end_of_TMR1_CallBack                    text99       011282
__end_of_TMR1_DefaultInterruptHandler     text100      011890
__end_of_TMR1_ISR                         text97       011762
__end_of_TMR1_Initialize                  text82       011194
__end_of_TMR1_SetInterruptHandler         text83       0117CC
__end_of_TMR1_WriteTimer                  text98       0114B0
__end_of_TMR2_Initialize                  text81       0115C6
__end_of_TMR4_CallBack                    text94       011250
__end_of_TMR4_DefaultInterruptHandler     text96       01188E
__end_of_TMR4_ISR                         text93       01180C
__end_of_TMR4_Initialize                  text79       0113A2
__end_of_TMR4_SetInterruptHandler         text80       0117BE
__end_of_WriteCompleteHandler             text62       011342
__end_of___awmod                          text8        0108AE
__end_of___wmul                           text7        0114DA
__end_of__initialization                  cinit        0110FA
__end_of_displayMenu                      text3        0107FE
__end_of_font5x7                          mediumconst  00FEE8
__end_of_font8x16                         mediumconst  00F8C5
__end_of_i2c1_fsmStateTable               mediumconst  00F8FE
__end_of_main                             text0        011774
__end_of_rd1RegCompleteHandler            text61       011312
__end_of_rd2RegCompleteHandler            text60       0112E2
__end_of_rdBlkRegCompleteHandler          text58       01095A
__end_of_spi1_configuration               mediumconst  00F903
__end_of_strlen                           text5        01121E
__end_of_wr1RegCompleteHandler            text59       0112B2
__end_of_wr2RegCompleteHandler            text63       011372
__initialization                          cinit        0110B4
__mediumconst                             mediumconst  00F2D0
__pbssBANK0                               bssBANK0     000060
__pbssCOMRAM                              bssCOMRAM    000047
__pcinit                                  cinit        0110B4
__pcstackCOMRAM                           cstackCOMRAM 000001
__pdataCOMRAM                             dataCOMRAM   000055
__pidataCOMRAM                            idataCOMRAM  011834
__pivt0x8                                 ivt0x8       000008
__pmediumconst                            mediumconst  00F2D0
__pnvBANK0                                nvBANK0      00009E
__pnvCOMRAM                               nvCOMRAM     00005C
__ptext0                                  text0        011762
__ptext1                                  text1        01169C
__ptext10                                 text10       011100
__ptext100                                text100      01188E
__ptext101                                text101      000000
__ptext11                                 text11       0115C6
__ptext12                                 text12       0115E2
__ptext13                                 text13       0115FE
__ptext14                                 text14       010C64
[...]
__ptext45                                 text45       01183C
__ptext46                                 text46       011842
__ptext47                                 text47       011848
__ptext48                                 text48       01184E
__ptext49                                 text49       0116F4
__ptext5                                  text5        0111DC
__ptext50                                 text50       011854
__ptext51                                 text51       0117E4
__ptext52                                 text52       0117EE
__ptext53                                 text53       01185A
__ptext54                                 text54       011860
__ptext55                                 text55       0117F8
__ptext56                                 text56       011880
__ptext57                                 text57       011884
__ptext58                                 text58       0108AE
__ptext59                                 text59       011282
__ptext6                                  text6        010252
__ptext60                                 text60       0112B2
__ptext61                                 text61       0112E2
__ptext62                                 text62       011312
__ptext63                                 text63       011342
__ptext64                                 text64       01161A
__ptext65                                 text65       010BD6
__ptext66                                 text66       011502
__ptext67                                 text67       011062
__ptext68                                 text68       01170A
__ptext69                                 text69       011720
__ptext7                                  text7        0114B0
__ptext70                                 text70       011736
__ptext71                                 text71       011866
__ptext72                                 text72       01186C
__ptext73                                 text73       011872
__ptext74                                 text74       01142C
__ptext75                                 text75       01158A
__ptext76                                 text76       0117D8
__ptext77                                 text77       01182C
__ptext78                                 text78       0113FE
__ptext79                                 text79       011372
__ptext8                                  text8        0107FE
__ptext80                                 text80       0117B0
__ptext81                                 text81       0115A8
__ptext82                                 text82       01114C
__ptext83                                 text83       0117BE
__ptext84                                 text84       011652
__ptext85                                 text85       01166C
__ptext86                                 text86       011526
__ptext87                                 text87       010694
__ptext88                                 text88       011684
__ptext89                                 text89       011888
__ptext9                                  text9        010DE8
__ptext90                                 text90       01154A
__ptext91                                 text91       011458
__ptext92                                 text92       011194
__ptext93                                 text93       011802
__ptext94                                 text94       01121E
__ptext95                                 text95       011636
__ptext96                                 text96       01188C
__ptext97                                 text97       01174C
__ptext98                                 text98       011484
__ptext99                                 text99       011250
__ramtop                                  ramtop       002000
__size_of_CLC1_Initialize                 (abs)        000000
__size_of_DebounceCallback                (abs)        000000
__size_of_I2C1_CallbackReturnReset        (abs)        000000
__size_of_I2C1_CallbackReturnStop         (abs)        000000
__size_of_I2C1_ClearInterruptFlags        (abs)        000000
__size_of_I2C1_Close                      (abs)        000000
__size_of_I2C1_DO_ADDRESS_NACK            (abs)        000000
__size_of_I2C1_DO_BUS_COLLISION           (abs)        000000
__size_of_I2C1_DO_BUS_ERROR               (abs)        000000
__size_of_I2C1_DO_IDLE                    (abs)        000000
__size_of_I2C1_DO_RESET                   (abs)        000000
__size_of_I2C1_DO_RX                      (abs)        000000
__size_of_I2C1_DO_RX_ACK                  (abs)        000000
__size_of_I2C1_DO_RX_EMPTY                (abs)        000000
__size_of_I2C1_DO_RX_NACK_RESTART         (abs)        000000
__size_of_I2C1_DO_RX_NACK_STOP            (abs)        000000
__size_of_I2C1_DO_SEND_ADR_READ           (abs)        000000
__size_of_I2C1_DO_SEND_ADR_WRITE          (abs)        000000
__size_of_I2C1_DO_SEND_RESTART            (abs)        000000
__size_of_I2C1_DO_SEND_RESTART_READ       (abs)        000000
__size_of_I2C1_DO_SEND_RESTART_WRITE      (abs)        000000
__size_of_I2C1_DO_SEND_STOP               (abs)        000000
__size_of_I2C1_DO_TX                      (abs)        000000
__size_of_I2C1_DO_TX_ACK                  (abs)        000000
__size_of_I2C1_DO_TX_EMPTY                (abs)        000000
__size_of_I2C1_Initialize                 (abs)        000000
__size_of_I2C1_MasterClearCountFlag       (abs)        000000
__size_of_I2C1_MasterClearIrq             (abs)        000000
__size_of_I2C1_MasterClearNackFlag        (abs)        000000
__size_of_I2C1_MasterClearStopFlag        (abs)        000000
__size_of_I2C1_MasterClose                (abs)        000000
__size_of_I2C1_MasterDisableIrq           (abs)        000000
__size_of_I2C1_MasterDisableRestart       (abs)        000000
__size_of_I2C1_MasterEnableRestart        (abs)        000000
__size_of_I2C1_MasterFsm                  (abs)        000000
__size_of_I2C1_MasterGetCounter           (abs)        000000
__size_of_I2C1_MasterGetRxData            (abs)        000000
__size_of_I2C1_MasterIsCountFlagSet       (abs)        000000
__size_of_I2C1_MasterIsNack               (abs)        000000
__size_of_I2C1_MasterIsNackFlagSet        (abs)        000000
__size_of_I2C1_MasterIsRxBufFull          (abs)        000000
__size_of_I2C1_MasterIsStopFlagSet        (abs)        000000
__size_of_I2C1_MasterIsTxBufEmpty         (abs)        000000
__size_of_I2C1_MasterOpen                 (abs)        000000
__size_of_I2C1_MasterOperation            (abs)        000000
__size_of_I2C1_MasterResetBus             (abs)        000000
__size_of_I2C1_MasterSendAck              (abs)        000000
__size_of_I2C1_MasterSendNack             (abs)        000000
__size_of_I2C1_MasterSendTxData           (abs)        000000
__size_of_I2C1_MasterSetCounter           (abs)        000000
__size_of_I2C1_MasterStop                 (abs)        000000
__size_of_I2C1_MasterWaitForEvent         (abs)        000000
__size_of_I2C1_MasterWrite                (abs)        000000
__size_of_I2C1_Open                       (abs)        000000
__size_of_I2C1_Poller                     (abs)        000000
__size_of_I2C1_SetAddressNackCallback     (abs)        000000
__size_of_I2C1_SetBuffer                  (abs)        000000
__size_of_I2C1_SetCallback                (abs)        000000
__size_of_I2C1_SetDataCompleteCallback    (abs)        000000
__size_of_I2C1_SetDataNackCallback        (abs)        000000
__size_of_I2C1_SetTimeoutCallback         (abs)        000000
__size_of_INTERRUPT_Initialize            (abs)        000000
__size_of_INTERRUPT_InterruptManager      (abs)        000000
__size_of_OLED_ClearDisplay               (abs)        000000
__size_of_OLED_DrawBitmap                 (abs)        000000
__size_of_OLED_DrawFont                   (abs)        000000
__size_of_OLED_DrawString                 (abs)        000000
__size_of_OLED_Initialize                 (abs)        000000
__size_of_OLED_Send                       (abs)        000000
__size_of_OLED_SetCursor                  (abs)        000000
__size_of_OSCILLATOR_Initialize           (abs)        000000
__size_of_PIN_MANAGER_Initialize          (abs)        000000
__size_of_PMD_Initialize                  (abs)        000000
__size_of_PWM5_Initialize                 (abs)        000000
__size_of_SPI1_Initialize                 (abs)        000000
__size_of_SYSTEM_Initialize               (abs)        000000
__size_of_TEST_Function                   (abs)        000000
__size_of_TEST_OLED                       (abs)        000000
__size_of_TMR1_CallBack                   (abs)        000000
__size_of_TMR1_DefaultInterruptHandler    (abs)        000000
__size_of_TMR1_ISR                        (abs)        000000
__size_of_TMR1_Initialize                 (abs)        000000
__size_of_TMR1_SetInterruptHandler        (abs)        000000
__size_of_TMR1_WriteTimer                 (abs)        000000
__size_of_TMR2_Initialize                 (abs)        000000
__size_of_TMR4_CallBack                   (abs)        000000
__size_of_TMR4_DefaultInterruptHandler    (abs)        000000
__size_of_TMR4_ISR                        (abs)        000000
__size_of_TMR4_Initialize                 (abs)        000000
__size_of_TMR4_SetInterruptHandler        (abs)        000000
__size_of_WriteCompleteHandler            (abs)        000000
__size_of___awmod                         (abs)        000000
__size_of___wmul                          (abs)        000000
__size_of_displayMenu                     (abs)        000000
__size_of_main                            (abs)        000000
__size_of_rd1RegCompleteHandler           (abs)        000000
__size_of_rd2RegCompleteHandler           (abs)        000000
__size_of_rdBlkRegCompleteHandler         (abs)        000000
__size_of_strlen                          (abs)        000000
__size_of_wr1RegCompleteHandler           (abs)        000000
__size_of_wr2RegCompleteHandler           (abs)        000000
__smallconst                              smallconst   000000
_displayMenu                              text3        01074A
_font5x7                                  mediumconst  00FD03
_font8x16                                 mediumconst  00F2D1
_gBufSize                                 bssCOMRAM    00004F
_i2c1_fsmStateTable                       mediumconst  00F8C5
_isSwitchHeld                             bssCOMRAM    000051
_isSwitchPressed                          bssCOMRAM    000052
_main                                     text0        011762
_rd1RegCompleteHandler                    text61       0112E2
_rd2RegCompleteHandler                    text60       0112B2
_rdBlkRegCompleteHandler                  text58       0108AE
_selected                                 bssCOMRAM    000054
_spi1_configuration                       mediumconst  00F8FE
_strlen                                   text5        0111DC
_switchSelected                           bssCOMRAM    000053
_timer1ReloadVal                          nvCOMRAM     00005C
_wr1RegCompleteHandler                    text59       011282
_wr2RegCompleteHandler                    text63       011342
displayMenu@selectedOption                cstackCOMRAM 000040
end_of_initialization                     cinit        0110FA
intlevel0                                 text         000000
intlevel1                                 text         000000
intlevel2                                 text         000000
intlevel3                                 text         000000
isa$std                                   (abs)        000001
isa$xinst                                 (abs)        000000
ivt0x8_base                               ivt0x8       000008
rd1RegCompleteHandler@ptr                 cstackCOMRAM 00000E
rd2RegCompleteHandler@ptr                 cstackCOMRAM 00000E
rdBlkRegCompleteHandler@ptr               cstackCOMRAM 00000E
stackhi                                   (abs)        001FFF
stacklo                                   (abs)        0000A4
start                                     init         00001A
start_initialization                      cinit        0110B4
strlen@a                                  cstackCOMRAM 000005
strlen@s                                  cstackCOMRAM 000003
wr1RegCompleteHandler@ptr                 cstackCOMRAM 00000E
wr2RegCompleteHandler@ptr                 cstackCOMRAM 00000E


MODULE INFORMATION

Module		Function		Class		Link	Load	Size
mcc_generated_files/examples/i2c1_master_example.c
		_wr1RegCompleteHandler		CODE           	11282	0000	48
		_wr2RegCompleteHandler		CODE           	11342	0000	48
		_rdBlkRegCompleteHandler		CODE           	108AE	0000	172
		_rd1RegCompleteHandler		CODE           	112E2	0000	48
		_rd2RegCompleteHandler		CODE           	112B2	0000	48

mcc_generated_files/examples/i2c1_master_example.c estimated size: 364

mcc_generated_files/tmr4.c
		_TMR4_ISR      		CODE           	11802	0000	10
		_TMR4_Initialize		CODE           	11372	0000	48
		_TMR4_SetInterruptHandler		CODE           	117B0	0000	14
		_TMR4_DefaultInterruptHandler		CODE           	1188C	0000	2
		_TMR4_CallBack 		CODE           	1121E	0000	50

mcc_generated_files/tmr4.c estimated size: 124

mcc_generated_files/i2c1_master.c
		_I2C1_DO_SEND_RESTART		CODE           	11878	0000	4
		_I2C1_MasterIsNackFlagSet		CODE           	11720	0000	22
		_I2C1_DO_RX_EMPTY		CODE           	109FE	0000	164
		_I2C1_DO_TX_EMPTY		CODE           	10CF0	0000	126
		_I2C1_DO_SEND_RESTART_READ		CODE           	117A2	0000	14
		_I2C1_MasterClearNackFlag		CODE           	1186C	0000	6
		_I2C1_CallbackReturnStop		CODE           	11884	0000	4
		_I2C1_DO_RX    		CODE           	105AA	0000	234
		_I2C1_DO_TX    		CODE           	10466	0000	324
		_I2C1_SetAddressNackCallback		CODE           	115FE	0000	28
		_I2C1_DO_IDLE  		CODE           	117CC	0000	12
		_I2C1_MasterOpen		CODE           	113A2	0000	46
		_I2C1_SetTimeoutCallback		CODE           	115C6	0000	28
		_I2C1_MasterSendTxData		CODE           	117E4	0000	10
		_I2C1_MasterStop		CODE           	11842	0000	6
		_I2C1_MasterIsStopFlagSet		CODE           	1170A	0000	22
		_I2C1_CallbackReturnReset		CODE           	11880	0000	4
		_I2C1_DO_RESET 		CODE           	11784	0000	16
		_I2C1_Poller   		CODE           	1156C	0000	30
		_I2C1_DO_RX_ACK		CODE           	1181C	0000	8
		_I2C1_DO_TX_ACK		CODE           	11824	0000	8
		_I2C1_MasterWaitForEvent		CODE           	10FB4	0000	92
		_I2C1_MasterSendNack		CODE           	11848	0000	6
		_I2C1_DO_RX_NACK_RESTART		CODE           	11814	0000	8
		_I2C1_MasterDisableIrq		CODE           	1158A	0000	30
		_I2C1_ClearInterruptFlags		CODE           	11062	0000	82
		_I2C1_MasterOperation		CODE           	11010	0000	82
		_I2C1_MasterClearStopFlag		CODE           	11866	0000	6
		_I2C1_SetCallback		CODE           	10BD6	0000	142
		_I2C1_MasterEnableRestart		CODE           	1185A	0000	6
		_I2C1_MasterGetCounter		CODE           	1183C	0000	6
		_I2C1_MasterSetCounter		CODE           	117EE	0000	10
		_I2C1_SetDataNackCallback		CODE           	115E2	0000	28
		_I2C1_Open     		CODE           	1095A	0000	164
		_I2C1_DO_ADDRESS_NACK		CODE           	10F46	0000	110
		_I2C1_MasterDisableRestart		CODE           	11860	0000	6
		_I2C1_MasterClearCountFlag		CODE           	11872	0000	6
		_I2C1_SetBuffer		CODE           	11502	0000	36
		_I2C1_DO_SEND_RESTART_WRITE		CODE           	1187C	0000	4
		_I2C1_MasterIsTxBufEmpty		CODE           	116C8	0000	22
		_I2C1_MasterClose		CODE           	117D8	0000	12
		_I2C1_MasterWrite		CODE           	1180C	0000	8
		_I2C1_Initialize		CODE           	1154A	0000	34
		_I2C1_Close    		CODE           	1142C	0000	44
		_I2C1_MasterIsRxBufFull		CODE           	116F4	0000	22
		_I2C1_MasterIsNack		CODE           	116DE	0000	22
		_I2C1_DO_SEND_ADR_WRITE		CODE           	116B2	0000	22
		_I2C1_MasterClearIrq		CODE           	1182C	0000	8
		_I2C1_SetDataCompleteCallback		CODE           	1161A	0000	28
		_I2C1_DO_SEND_STOP		CODE           	114DA	0000	40
		_I2C1_DO_BUS_COLLISION		CODE           	10E5E	0000	118
		_I2C1_DO_BUS_ERROR		CODE           	11774	0000	16
		_I2C1_MasterSendAck		CODE           	1184E	0000	6
		_I2C1_MasterFsm		CODE           	10ED4	0000	114
		_I2C1_MasterGetRxData		CODE           	11854	0000	6
		_I2C1_MasterResetBus		CODE           	117F8	0000	10
		_I2C1_MasterIsCountFlagSet		CODE           	11736	0000	22
		_I2C1_DO_SEND_ADR_READ		CODE           	113D0	0000	46
		_I2C1_DO_RX_NACK_STOP		CODE           	11794	0000	14

mcc_generated_files/i2c1_master.c estimated size: 2554

mcc_generated_files/tmr2.c
		_TMR2_Initialize		CODE           	115A8	0000	30

mcc_generated_files/tmr2.c estimated size: 30

mcc_generated_files/interrupt_manager.c
		_INTERRUPT_Initialize		CODE           	11888	0000	4
		_INTERRUPT_InterruptManager		CODE           	11194	0000	72

mcc_generated_files/interrupt_manager.c estimated size: 76

mcc_generated_files/pin_manager.c
		_PIN_MANAGER_Initialize		CODE           	10694	0000	182

mcc_generated_files/pin_manager.c estimated size: 182

test/test.c
		_TEST_OLED     		CODE           	10000	0000	594
		_displayMenu   		CODE           	1074A	0000	180
		_TEST_Function 		CODE           	1169C	0000	22
		_DebounceCallback		CODE           	11636	0000	28

test/test.c estimated size: 824

mcc_generated_files/spi1.c
		_SPI1_Initialize		CODE           	11652	0000	26

mcc_generated_files/spi1.c estimated size: 26

graphics/drivers/sh1106.c
		_OLED_SetCursor		CODE           	10B3E	0000	152
		_OLED_Initialize		CODE           	10DE8	0000	118
		_OLED_DrawString		CODE           	10D6E	0000	122
		_OLED_DrawBitmap		CODE           	10C64	0000	140
		_WriteCompleteHandler		CODE           	11312	0000	48
		_OLED_ClearDisplay		CODE           	10AA2	0000	156
		_OLED_DrawFont 		CODE           	10252	0000	532
		_OLED_Send     		CODE           	11100	0000	76

graphics/drivers/sh1106.c estimated size: 1344

C:\Program Files\Microchip\xc8\v2.32\pic\sources\c99\common\Umul16.c
		___wmul        		CODE           	114B0	0000	42

C:\Program Files\Microchip\xc8\v2.32\pic\sources\c99\common\Umul16.c estimated size: 42

shared
		_OLED_BlankDisplay		MEDIUMCONST    	FEE8	0000	132
		_Owl           		MEDIUMCONST    	F903	0000	1024
		_font5x7       		MEDIUMCONST    	FD03	0000	485
		__initialization		CODE           	110B4	0000	70
		_i2c1_fsmStateTable		MEDIUMCONST    	F8C5	0000	57
		_OLED_InitCommands		MEDIUMCONST    	FF6C	0000	27
		_font8x16      		MEDIUMCONST    	F2D1	0000	1524
		_spi1_configuration		MEDIUMCONST    	F8FE	0000	5

shared estimated size: 3324

mcc_generated_files/pwm5.c
		_PWM5_Initialize		CODE           	1166C	0000	24

mcc_generated_files/pwm5.c estimated size: 24

C:\Program Files\Microchip\xc8\v2.32\pic\sources\c99\common\awmod.c
		___awmod       		CODE           	107FE	0000	176

C:\Program Files\Microchip\xc8\v2.32\pic\sources\c99\common\awmod.c estimated size: 176

mcc_generated_files/mcc.c
		_PMD_Initialize		CODE           	11526	0000	36
		_OSCILLATOR_Initialize		CODE           	11684	0000	24
		_SYSTEM_Initialize		CODE           	113FE	0000	46

mcc_generated_files/mcc.c estimated size: 106

mcc_generated_files/tmr1.c
		_TMR1_Initialize		CODE           	1114C	0000	72
		_TMR1_SetInterruptHandler		CODE           	117BE	0000	14
		_TMR1_DefaultInterruptHandler		CODE           	1188E	0000	2
		_TMR1_CallBack 		CODE           	11250	0000	50
		_TMR1_WriteTimer		CODE           	11484	0000	44
		_TMR1_ISR      		CODE           	1174C	0000	22

mcc_generated_files/tmr1.c estimated size: 204

main.c
		_main          		CODE           	11762	0000	18

main.c estimated size: 18

C:\Program Files\Microchip\xc8\v2.32\pic\sources\c99\common\strlen.c
		_strlen        		CODE           	111DC	0000	66

C:\Program Files\Microchip\xc8\v2.32\pic\sources\c99\common\strlen.c estimated size: 66

mcc_generated_files/clc1.c
		_CLC1_Initialize		CODE           	11458	0000	44

mcc_generated_files/clc1.c estimated size: 44

