Microchip MPLAB XC8 Compiler V2.32

Linker command line:

-W-3 --edf=C:\Program Files\Microchip\xc8\v2.32\pic\dat\en_msgs.txt \
  -pivt0x8=08h -cn \
  -h+dist/default/production\basic_k42_ledctrl.X.production.sym \
  --cmf=dist/default/production\basic_k42_ledctrl.X.production.cmf -z \
  -Q18F47K42 -oC:\Users\MJ\AppData\Local\Temp\xcAs29o.4 \
  --defsym=__MPLAB_BUILD=1 \
  -Mdist/default/production/basic_k42_ledctrl.X.production.map -E1 \
  -ver=XC8 Compiler --acfsm=1493 -ASTACK=0A0h-01FFFh -pstack=STACK \
  -ACODE=00h-01FFFFh -ACONST=00h-01FFFFh -ASMALLCONST=02000h-020FFhx480 \
  -AMEDIUMCONST=02000h-0FFFFh,012000h-01FFFFh -ACOMRAM=01h-05Fh \
  -AABS1=00h-01FFFh -ABIGRAM=01h-01FFFh -ARAM=060h-0FFh,0100h-01FFhx31 \
  -ABANK0=060h-0FFh -ABANK1=0100h-01FFh -ABANK2=0200h-02FFh \
  -ABANK3=0300h-03FFh -ABANK4=0400h-04FFh -ABANK5=0500h-05FFh \
  -ABANK6=0600h-06FFh -ABANK7=0700h-07FFh -ABANK8=0800h-08FFh \
  -ABANK9=0900h-09FFh -ABANK10=0A00h-0AFFh -ABANK11=0B00h-0BFFh \
  -ABANK12=0C00h-0CFFh -ABANK13=0D00h-0DFFh -ABANK14=0E00h-0EFFh \
  -ABANK15=0F00h-0FFFh -ABANK16=01000h-010FFh -ABANK17=01100h-011FFh \
  -ABANK18=01200h-012FFh -ABANK19=01300h-013FFh -ABANK20=01400h-014FFh \
  -ABANK21=01500h-015FFh -ABANK22=01600h-016FFh -ABANK23=01700h-017FFh \
  -ABANK24=01800h-018FFh -ABANK25=01900h-019FFh -ABANK26=01A00h-01AFFh \
  -ABANK27=01B00h-01BFFh -ABANK28=01C00h-01CFFh -ABANK29=01D00h-01DFFh \
  -ABANK30=01E00h-01EFFh -ABANK31=01F00h-01FFFh \
  -ASFR=03800h-038FFhx7,03F00h-03F5Fh,03F60h-03FFFh \
  -ACONFIG=0300000h-0300009h -AIDLOC=0200000h-020000Fh \
  -AEEDATA=0310000h-03103FFh -peeprom_data=EEDATA -preset_vec=00h \
  -ppowerup=CODE,init -pramtop=02000h -psmallconst=SMALLCONST \
  -pmediumconst=MEDIUMCONST -pconst=CONST -AFARRAM=00h-00h \
  -prdata=COMRAM,nvrram=COMRAM,nvbit=COMRAM,rbss=COMRAM,rbit=COMRAM \
  -pfarbss=FARRAM,fardata=FARRAM,nvFARRAM=FARRAM \
  -pintsave_regs=BIGRAM,bigbss=BIGRAM,bigdata=BIGRAM -pbss=RAM \
  -pidata=CODE,irdata=CODE,ibigdata=CODE,ifardata=CODE -prparam=COMRAM \
  C:\Users\MJ\AppData\Local\Temp\xcAs29o.o \
  dist/default/production\basic_k42_ledctrl.X.production.o 

Object code version is 3.11

Machine type is 18F47K42



                Name                               Link     Load   Length Selector   Space Scale
C:\Users\MJ\AppData\Local\Temp\xcAs29o.o
                idloc                            200000   200000       10        0       5
                config                           300000   300000        A        0       4
                init                                 1A       1A        4        4       0
                reset_vec                             0        0        4        0       0
dist/default/production\basic_k42_ledctrl.X.production.o
                idloc                            200000   200000       10        0       5
                config                           300000   300000        A        0       4
                mediumconst                        F2F6     F2F6      D0A     797B       0
                ivt0x8                                8        8       12        4       0
                text107                           1207C    1207C        2     9015       0
                text106                           11D3A    11D3A       22     8000       0
                text105                           11B14    11B14       30     8000       0
                text104                           11C52    11C52       2C     8000       0
                text103                           11F24    11F24       16     8000       0
                text102                           1207A    1207A        2     9015       0
                text101                           11FD0    11FD0        C     8000       0
                text100                           11C26    11C26       2C     8000       0
                text99                            119E4    119E4       40     8000       0
                text98                            1191A    1191A       48     8000       0
                text97                            1201A    1201A        8     8000       0
                text96                            11FC4    11FC4        C     8000       0
                text95                            11D98    11D98       1E     8000       0
                text94                            11BFA    11BFA       2C     8000       0
                text93                            12060    12060        6     9015       0
                text92                            1205A    1205A        6     9015       0
                text91                            12054    12054        6     9015       0
                text90                            11F0E    11F0E       16     8000       0
                text89                            11EF8    11EF8       16     8000       0
                text88                            11EE2    11EE2       16     8000       0
                text87                            117A0    117A0       52     8000       0
                text86                            11CF4    11CF4       24     8000       0
                text85                            112E8    112E8       8E     8000       0
                text84                            11E0A    11E0A       1C     8000       0
                text83                            11AE4    11AE4       30     8000       0
                text82                            12076    12076        4     9015       0
                text81                            12072    12072        4     9015       0
                text80                            11AB4    11AB4       30     8000       0
                text79                            11A84    11A84       30     8000       0
                text78                            11A54    11A54       30     8000       0
                text77                            10FC0    10FC0       AC     8000       0
                text76                            11A24    11A24       30     8000       0
                text75                            11FF0    11FF0        A     8000       0
                text74                            1204E    1204E        6     9015       0
                text73                            12048    12048        6     9015       0
                text72                            11FE6    11FE6        A     8000       0
                text71                            11FDC    11FDC        A     8000       0
                text70                            12042    12042        6     9015       0
                text69                            11ECC    11ECC       16     8000       0
                text68                            1203C    1203C        6     9015       0
                text67                            12036    12036        6     9015       0
                text66                            12030    12030        6     9015       0
                text65                            1202A    1202A        6     9015       0
                text64                            11EB6    11EB6       16     8000       0
                text63                            11EA0    11EA0       16     8000       0
                text62                            12012    12012        8     8000       0
                text61                            11FB8    11FB8        C     8000       0
                text60                            11BA0    11BA0       2E     8000       0
                text59                            11E8A    11E8A       16     8000       0
                text58                            109BC    109BC      144     8000       0
                text57                            10D4A    10D4A       EA     8000       0
                text56                            11376    11376       7E     8000       0
                text55                            11110    11110       A4     8000       0
                text54                            11FAA    11FAA        E     8000       0
                text53                            1206E    1206E        4     9015       0
                text52                            1206A    1206A        4     9015       0
                text51                            11CA8    11CA8       28     8000       0
                text50                            1200A    1200A        8     8000       0
                text49                            11F9C    11F9C        E     8000       0
                text48                            12002    12002        8     8000       0
                text47                            11F70    11F70       10     8000       0
                text46                            115CC    115CC       6E     8000       0
                text45                            114E4    114E4       76     8000       0
                text44                            11F60    11F60       10     8000       0
                text43                            1155A    1155A       72     8000       0
                text42                            1169E    1169E       5C     8000       0
                text41                            11D7A    11D7A       1E     8000       0
                text40                            1174E    1174E       52     8000       0
                text39                            11FFA    11FFA        8     8000       0
                text38                            11B72    11B72       2E     8000       0
                text37                            1106C    1106C       A4     8000       0
                text36                            111B4    111B4       9C     8000       0
                text35                            1183E    1183E       4C     8000       0
                text34                            11C7E    11C7E       2A     8000       0
                text33                            10482    10482      214     8000       0
                text32                            11250    11250       98     8000       0
                text31                            11962    11962       42     8000       0
                text30                            113F4    113F4       7A     8000       0
                text29                            11DEE    11DEE       1C     8000       0
                text28                            11DD2    11DD2       1C     8000       0
                text27                            11DB6    11DB6       1C     8000       0
                text26                            1146E    1146E       76     8000       0
                text25                            11E40    11E40       1A     8000       0
                text24                            11F3A    11F3A       14     8000       0
                text23                            116FA    116FA       54     8000       0
                text22                            10E34    10E34       DA     8000       0
                text21                            11BCE    11BCE       2C     8000       0
                text20                            11D18    11D18       22     8000       0
                text19                            12066    12066        4     9015       0
                text18                            11E72    11E72       18     8000       0
                text17                            10F0E    10F0E       B2     8000       0
                text16                            11CD0    11CD0       24     8000       0
                text15                            11E5A    11E5A       18     8000       0
                text14                            11E26    11E26       1A     8000       0
                text13                            11F8E    11F8E        E     8000       0
                text12                            118D2    118D2       48     8000       0
                text11                            11D5C    11D5C       1E     8000       0
                text10                            11F80    11F80        E     8000       0
                text9                             1188A    1188A       48     8000       0
                text8                             11B44    11B44       2E     8000       0
                text7                             11F4E    11F4E       12     8000       0
                text6                             10000    10000      482     8000       0
                text5                             119A4    119A4       40     8000       0
                text4                             10C2C    10C2C      11E     8000       0
                text3                             10696    10696      1C8     8000       0
                text2                             1163A    1163A       64     8000       0
                text1                             10B00    10B00      12C     8000       0
                text0                             1085E    1085E      15E     8000       0
                cstackCOMRAM                          1        1       3F        1       1
                cstackBANK0                          9E       9E        2       60       1
                bssBANK0                             60       60       3E       60       1
                dataCOMRAM                           56       56        7        1       1
                bssCOMRAM                            40       40        C        1       1
                cinit                             117F2    117F2       4C     8000       0
                nvCOMRAM                             4C       4C        A        1       1
                idataCOMRAM                       12022    12022        7     8000       0

TOTAL           Name                               Link     Load   Length     Space
        CLASS   STACK          

        CLASS   CODE           
                init                                 1A       1A        4         0
                reset_vec                             0        0        4         0
                ivt0x8                                8        8       12         0
                text107                           1207C    1207C        2         0
                text106                           11D3A    11D3A       22         0
                text105                           11B14    11B14       30         0
                text104                           11C52    11C52       2C         0
                text103                           11F24    11F24       16         0
                text102                           1207A    1207A        2         0
                text101                           11FD0    11FD0        C         0
                text100                           11C26    11C26       2C         0
                text99                            119E4    119E4       40         0
                text98                            1191A    1191A       48         0
                text97                            1201A    1201A        8         0
                text96                            11FC4    11FC4        C         0
                text95                            11D98    11D98       1E         0
                text94                            11BFA    11BFA       2C         0
                text93                            12060    12060        6         0
                text92                            1205A    1205A        6         0
                text91                            12054    12054        6         0
                text90                            11F0E    11F0E       16         0
                text89                            11EF8    11EF8       16         0
                text88                            11EE2    11EE2       16         0
                text87                            117A0    117A0       52         0
                text86                            11CF4    11CF4       24         0
                text85                            112E8    112E8       8E         0
                text84                            11E0A    11E0A       1C         0
                text83                            11AE4    11AE4       30         0
                text82                            12076    12076        4         0
                text81                            12072    12072        4         0
                text80                            11AB4    11AB4       30         0
                text79                            11A84    11A84       30         0
                text78                            11A54    11A54       30         0
                text77                            10FC0    10FC0       AC         0
                text76                            11A24    11A24       30         0
                text75                            11FF0    11FF0        A         0
                text74                            1204E    1204E        6         0
                text73                            12048    12048        6         0
                text72                            11FE6    11FE6        A         0
                text71                            11FDC    11FDC        A         0
                text70                            12042    12042        6         0
                text69                            11ECC    11ECC       16         0
                text68                            1203C    1203C        6         0
                text67                            12036    12036        6         0
                text66                            12030    12030        6         0
                text65                            1202A    1202A        6         0
                text64                            11EB6    11EB6       16         0
                text63                            11EA0    11EA0       16         0
                text62                            12012    12012        8         0
                text61                            11FB8    11FB8        C         0
                text60                            11BA0    11BA0       2E         0
                text59                            11E8A    11E8A       16         0
                text58                            109BC    109BC      144         0
                text57                            10D4A    10D4A       EA         0
                text56                            11376    11376       7E         0
                text55                            11110    11110       A4         0
                text54                            11FAA    11FAA        E         0
                text53                            1206E    1206E        4         0
                text52                            1206A    1206A        4         0
                text51                            11CA8    11CA8       28         0
                text50                            1200A    1200A        8         0
                text49                            11F9C    11F9C        E         0
                text48                            12002    12002        8         0
                text47                            11F70    11F70       10         0
                text46                            115CC    115CC       6E         0
                text45                            114E4    114E4       76         0
                text44                            11F60    11F60       10         0
                text43                            1155A    1155A       72         0
                text42                            1169E    1169E       5C         0
                text41                            11D7A    11D7A       1E         0
                text40                            1174E    1174E       52         0
                text39                            11FFA    11FFA        8         0
                text38                            11B72    11B72       2E         0
                text37                            1106C    1106C       A4         0
                text36                            111B4    111B4       9C         0
                text35                            1183E    1183E       4C         0
                text34                            11C7E    11C7E       2A         0
                text33                            10482    10482      214         0
                text32                            11250    11250       98         0
                text31                            11962    11962       42         0
                text30                            113F4    113F4       7A         0
                text29                            11DEE    11DEE       1C         0
                text28                            11DD2    11DD2       1C         0
                text27                            11DB6    11DB6       1C         0
                text26                            1146E    1146E       76         0
                text25                            11E40    11E40       1A         0
                text24                            11F3A    11F3A       14         0
                text23                            116FA    116FA       54         0
                text22                            10E34    10E34       DA         0
                text21                            11BCE    11BCE       2C         0
                text20                            11D18    11D18       22         0
                text19                            12066    12066        4         0
                text18                            11E72    11E72       18         0
                text17                            10F0E    10F0E       B2         0
                text16                            11CD0    11CD0       24         0
                text15                            11E5A    11E5A       18         0
                text14                            11E26    11E26       1A         0
                text13                            11F8E    11F8E        E         0
                text12                            118D2    118D2       48         0
                text11                            11D5C    11D5C       1E         0
                text10                            11F80    11F80        E         0
                text9                             1188A    1188A       48         0
                text8                             11B44    11B44       2E         0
                text7                             11F4E    11F4E       12         0
                text6                             10000    10000      482         0
                text5                             119A4    119A4       40         0
                text4                             10C2C    10C2C      11E         0
                text3                             10696    10696      1C8         0
                text2                             1163A    1163A       64         0
                text1                             10B00    10B00      12C         0
                text0                             1085E    1085E      15E         0
                cinit                             117F2    117F2       4C         0
                idataCOMRAM                       12022    12022        7         0

        CLASS   CONST          

        CLASS   SMALLCONST     

        CLASS   MEDIUMCONST    
                mediumconst                        F2F6     F2F6      D0A         0

        CLASS   COMRAM         
                cstackCOMRAM                          1        1       3F         1
                dataCOMRAM                           56       56        7         1
                bssCOMRAM                            40       40        C         1
                nvCOMRAM                             4C       4C        A         1

        CLASS   ABS1           

        CLASS   BIGRAM         

        CLASS   RAM            

        CLASS   BANK0          
                cstackBANK0                          9E       9E        2         1
                bssBANK0                             60       60       3E         1

        CLASS   BANK1          

        CLASS   BANK2          

        CLASS   BANK3          

        CLASS   BANK4          

        CLASS   BANK5          

        CLASS   BANK6          

        CLASS   BANK7          

        CLASS   BANK8          

        CLASS   BANK9          

        CLASS   BANK10         

        CLASS   BANK11         

        CLASS   BANK12         

        CLASS   BANK13         

        CLASS   BANK14         

        CLASS   BANK15         

        CLASS   BANK16         

        CLASS   BANK17         

        CLASS   BANK18         

        CLASS   BANK19         

        CLASS   BANK20         

        CLASS   BANK21         

        CLASS   BANK22         

        CLASS   BANK23         

        CLASS   BANK24         

        CLASS   BANK25         

        CLASS   BANK26         

        CLASS   BANK27         

        CLASS   BANK28         

        CLASS   BANK29         

        CLASS   BANK30         

        CLASS   BANK31         

        CLASS   SFR            

        CLASS   CONFIG         
                config                           300000   300000        A         4

        CLASS   IDLOC          
                idloc                            200000   200000       10         5

        CLASS   EEDATA         

        CLASS   FARRAM         



SEGMENTS        Name                           Load    Length   Top    Selector   Space  Class

                reset_vec                      000000  000004  000004         0       0  CODE    
                cstackCOMRAM                   000001  00005C  00005D         1       1  COMRAM  
                ivt0x8                         000008  000016  00001E         4       0  CODE    
                bssBANK0                       000060  000040  0000A0        60       1  BANK0   
                mediumconst                    00F2F6  000D0A  010000      797B       0  MEDIUMCO
                text6                          010000  002029  012029      8000       0  CODE    
                text65                         01202A  000054  01207E      9015       0  CODE    


UNUSED ADDRESS RANGES

        Name                Unused          Largest block    Delta
        BANK0            0000A0-0000FF               60
        BANK1            000100-0001FF              100
        BANK10           000A00-000AFF              100
        BANK11           000B00-000BFF              100
        BANK12           000C00-000CFF              100
        BANK13           000D00-000DFF              100
        BANK14           000E00-000EFF              100
        BANK15           000F00-000FFF              100
        BANK16           001000-0010FF              100
        BANK17           001100-0011FF              100
        BANK18           001200-0012FF              100
        BANK19           001300-0013FF              100
        BANK2            000200-0002FF              100
        BANK20           001400-0014FF              100
        BANK21           001500-0015FF              100
        BANK22           001600-0016FF              100
        BANK23           001700-0017FF              100
        BANK24           001800-0018FF              100
        BANK25           001900-0019FF              100
        BANK26           001A00-001AFF              100
        BANK27           001B00-001BFF              100
        BANK28           001C00-001CFF              100
        BANK29           001D00-001DFF              100
        BANK3            000300-0003FF              100
        BANK30           001E00-001EFF              100
        BANK31           001F00-001FFF              100
        BANK4            000400-0004FF              100
        BANK5            000500-0005FF              100
        BANK6            000600-0006FF              100
        BANK7            000700-0007FF              100
        BANK8            000800-0008FF              100
        BANK9            000900-0009FF              100
        BIGRAM           00005D-00005F                3
                         0000A0-001FFF             1F60
        CODE             000004-000007                4
                         00001E-00F2F5             F2D8
                         012029-012029                1
                         01207E-01FFFF             DF82
        COMRAM           00005D-00005F                3
        CONST            000004-000007                4
                         00001E-00F2F5             F2D8
                         012029-012029                1
                         01207E-01FFFF             DF82
        EEDATA           310000-3103FF              400
        MEDIUMCONST      002000-00F2F5             D2F6
                         012029-012029                1
                         01207E-01FFFF             DF82
        RAM              0000A0-001FFF              100
        SFR              003800-003FFF              100
        SMALLCONST       002000-00F2F5              100
                         012029-012029                1
                         01207E-01FFFF              100
        STACK            0000A0-001FFF             1F60

                                  Symbol Table

?___lwmod                                 cstackCOMRAM 000003
?___wmul                                  cstackCOMRAM 000003
?_strlen                                  cstackCOMRAM 000003
I2C1_Close@returnValue                    cstackCOMRAM 000003
I2C1_DO_RX@retFsmState                    cstackCOMRAM 000016
I2C1_DO_TX@dataTx                         cstackCOMRAM 000016
I2C1_DO_TX@retFsmState                    cstackCOMRAM 000017
I2C1_MasterOperation@read                 cstackCOMRAM 000018
I2C1_MasterOperation@returnValue          cstackCOMRAM 000019
I2C1_MasterSendTxData@data                cstackCOMRAM 000003
I2C1_MasterSetCounter@counter             cstackCOMRAM 000003
I2C1_Open@address                         cstackCOMRAM 000003
I2C1_Open@returnValue                     cstackCOMRAM 000004
I2C1_SetAddressNackCallback@cb            cstackCOMRAM 000009
I2C1_SetAddressNackCallback@ptr           cstackCOMRAM 00000C
I2C1_SetBuffer@buffer                     cstackCOMRAM 000003
I2C1_SetBuffer@bufferSize                 cstackCOMRAM 000005
I2C1_SetCallback@cb                       cstackCOMRAM 000003
I2C1_SetCallback@idx                      cstackCOMRAM 000008
I2C1_SetCallback@ptr                      cstackCOMRAM 000006
I2C1_SetDataCompleteCallback@cb           cstackCOMRAM 000009
I2C1_SetDataCompleteCallback@ptr          cstackCOMRAM 00000C
I2C1_SetDataNackCallback@cb               cstackCOMRAM 000009
I2C1_SetDataNackCallback@ptr              cstackCOMRAM 00000C
I2C1_SetTimeoutCallback@cb                cstackCOMRAM 000009
I2C1_SetTimeoutCallback@ptr               cstackCOMRAM 00000C
IVTBASEH                                  (abs)        003FD6
IVTBASEL                                  (abs)        003FD5
IVTBASEU                                  (abs)        003FD7
OLED_ClearDisplay@678                     cstackCOMRAM 00001A
OLED_ClearDisplay@i                       cstackCOMRAM 000021
OLED_DrawBitmap@F690                      dataCOMRAM   00005C
OLED_DrawFont@702                         cstackCOMRAM 00002E
OLED_DrawFont@704                         cstackCOMRAM 000030
OLED_DrawFont@706                         cstackCOMRAM 000027
OLED_DrawFont@708                         cstackCOMRAM 000029
OLED_DrawFont@F705                        dataCOMRAM   00005A
OLED_DrawFont@F707                        dataCOMRAM   000058
OLED_DrawFont@c                           cstackCOMRAM 00001F
OLED_DrawFont@chIndex                     cstackCOMRAM 000033
OLED_DrawFont@col                         cstackCOMRAM 00001E
OLED_DrawFont@firstChar                   cstackCOMRAM 00002C
OLED_DrawFont@font                        cstackCOMRAM 000020
OLED_DrawFont@fontBytes                   cstackCOMRAM 00002D
OLED_DrawFont@fontHeight                  cstackCOMRAM 00002B
OLED_DrawFont@fontWidth                   cstackCOMRAM 000032
OLED_DrawFont@i                           cstackCOMRAM 000035
OLED_DrawFont@invertBG                    cstackCOMRAM 000022
OLED_DrawString@col                       cstackCOMRAM 000036
OLED_DrawString@font                      cstackCOMRAM 000039
OLED_DrawString@i                         cstackCOMRAM 00003F
OLED_DrawString@invertBG                  cstackCOMRAM 00003B
OLED_DrawString@row                       cstackCOMRAM 00003E
OLED_DrawString@str                       cstackCOMRAM 000037
OLED_Send@bufSize                         cstackCOMRAM 00001C
OLED_Send@buffer                          cstackCOMRAM 00001A
OLED_SetCursor@686                        cstackCOMRAM 00001F
OLED_SetCursor@col                        cstackCOMRAM 00001A
OLED_SetCursor@row                        cstackCOMRAM 00001E
OLED_SetPixel@F730                        dataCOMRAM   000056
RGB_ALLSetColor@i                         cstackCOMRAM 00000C
RGB_ALLSetColor@ledcount                  cstackCOMRAM 000007
RGB_ALLSetColor@val                       cstackCOMRAM 000009
RGB_Clear@i                               cstackCOMRAM 00000D
RGB_Clear@ledcount                        cstackCOMRAM 000007
RGB_Clear@temp                            cstackCOMRAM 00000A
RGB_SendData@rgbData                      cstackCOMRAM 000004
RGB_SetColor@val                          cstackCOMRAM 000007
SPI1_Open@spi1UniqueConfiguration         cstackCOMRAM 000004
SPI1_WriteByte@byte                       cstackCOMRAM 000003
TMR1_SetInterruptHandler@InterruptHandler cstackCOMRAM 000003
TMR1_WriteTimer@timerVal                  cstackCOMRAM 000001
TMR3_SetInterruptHandler@InterruptHandler cstackCOMRAM 000003
TMR3_WriteTimer@timerVal                  cstackCOMRAM 000001
WriteCompleteHandler@data                 cstackCOMRAM 00000E
_ANSELA                                   (abs)        003A40
_ANSELB                                   (abs)        003A50
_ANSELC                                   (abs)        003A60
_ANSELD                                   (abs)        003A70
_ANSELE                                   (abs)        003A80
_CCPTMRS1bits                             (abs)        003F5F
_CLC1CON                                  (abs)        003C74
_CLC1CONbits                              (abs)        003C74
_CLC1GLS0                                 (abs)        003C7A
_CLC1GLS1                                 (abs)        003C7B
_CLC1GLS2                                 (abs)        003C7C
_CLC1GLS3                                 (abs)        003C7D
_CLC1POL                                  (abs)        003C75
_CLC1SEL0                                 (abs)        003C76
_CLC1SEL1                                 (abs)        003C77
_CLC1SEL2                                 (abs)        003C78
_CLC1SEL3                                 (abs)        003C79
_CLC1_Initialize                          text21       011BCE
_Heartbeat_Callback                       text106      011D3A
_I2C1CLK                                  (abs)        003D7B
_I2C1CNT                                  (abs)        003D6C
_I2C1CON0                                 (abs)        003D73
_I2C1CON0bits                             (abs)        003D73
_I2C1CON1                                 (abs)        003D74
_I2C1CON1bits                             (abs)        003D74
_I2C1CON2                                 (abs)        003D75
_I2C1ERR                                  (abs)        003D76
_I2C1ERRbits                              (abs)        003D76
_I2C1PIE                                  (abs)        003D7A
_I2C1PIEbits                              (abs)        003D7A
_I2C1PIR                                  (abs)        003D79
_I2C1PIRbits                              (abs)        003D79
_I2C1RXB                                  (abs)        003D6A
_I2C1SCLPPS                               (abs)        003AE1
_I2C1SDAPPS                               (abs)        003AE2
_I2C1STAT1bits                            (abs)        003D78
_I2C1TXB                                  (abs)        003D6B
_I2C1_CallbackReturnReset                 text81       012072
_I2C1_CallbackReturnStop                  text82       012076
_I2C1_ClearInterruptFlags                 text87       0117A0
_I2C1_Close                               text94       011BFA
_I2C1_DO_ADDRESS_NACK                     text46       0115CC
_I2C1_DO_BUS_COLLISION                    text45       0114E4
_I2C1_DO_BUS_ERROR                        text44       011F60
_I2C1_DO_IDLE                             text61       011FB8
_I2C1_DO_RESET                            text47       011F70
_I2C1_DO_RX                               text57       010D4A
_I2C1_DO_RX_ACK                           text50       01200A
_I2C1_DO_RX_EMPTY                         text55       011110
_I2C1_DO_RX_NACK_RESTART                  text48       012002
_I2C1_DO_RX_NACK_STOP                     text49       011F9C
_I2C1_DO_SEND_ADR_READ                    text60       011BA0
_I2C1_DO_SEND_ADR_WRITE                   text59       011E8A
_I2C1_DO_SEND_RESTART                     text52       01206A
_I2C1_DO_SEND_RESTART_READ                text54       011FAA
_I2C1_DO_SEND_RESTART_WRITE               text53       01206E
_I2C1_DO_SEND_STOP                        text51       011CA8
_I2C1_DO_TX                               text58       0109BC
_I2C1_DO_TX$2081                          cstackCOMRAM 000014
_I2C1_DO_TX_ACK                           text62       012012
_I2C1_DO_TX_EMPTY                         text56       011376
_I2C1_Initialize                          text20       011D18
_I2C1_MasterClearCountFlag                text93       012060
_I2C1_MasterClearIrq                      text97       01201A
_I2C1_MasterClearNackFlag                 text92       01205A
_I2C1_MasterClearStopFlag                 text91       012054
_I2C1_MasterClose                         text96       011FC4
_I2C1_MasterDisableIrq                    text95       011D98
_I2C1_MasterDisableRestart                text74       01204E
_I2C1_MasterEnableRestart                 text73       012048
_I2C1_MasterFsm                           text43       01155A
_I2C1_MasterGetCounter                    text65       01202A
_I2C1_MasterGetRxData                     text70       012042
_I2C1_MasterIsCountFlagSet                text90       011F0E
_I2C1_MasterIsNack                        text64       011EB6
_I2C1_MasterIsNackFlagSet                 text89       011EF8
_I2C1_MasterIsRxBufFull                   text69       011ECC
_I2C1_MasterIsStopFlagSet                 text88       011EE2
_I2C1_MasterIsTxBufEmpty                  text63       011EA0
_I2C1_MasterOpen                          text38       011B72
_I2C1_MasterOperation                     text40       01174E
_I2C1_MasterResetBus                      text75       011FF0
_I2C1_MasterSendAck                       text68       01203C
_I2C1_MasterSendNack                      text67       012036
_I2C1_MasterSendTxData                    text71       011FDC
_I2C1_MasterSetCounter                    text72       011FE6
_I2C1_MasterStop                          text66       012030
_I2C1_MasterWaitForEvent                  text42       01169E
_I2C1_MasterWrite                         text39       011FFA
_I2C1_Open                                text37       01106C
_I2C1_Poller                              text41       011D7A
_I2C1_SetAddressNackCallback              text29       011DEE
_I2C1_SetBuffer                           text86       011CF4
_I2C1_SetCallback                         text85       0112E8
_I2C1_SetDataCompleteCallback             text84       011E0A
_I2C1_SetDataNackCallback                 text28       011DD2
_I2C1_SetTimeoutCallback                  text27       011DB6
_I2C1_Status                              bssBANK0     000060
_INLVLA                                   (abs)        003A44
_INLVLB                                   (abs)        003A54
_INLVLC                                   (abs)        003A64
_INLVLD                                   (abs)        003A74
_INLVLE                                   (abs)        003A84
_INTCON0bits                              (abs)        003FD2
_INTERRUPT_Initialize                     text19       012066
_INTERRUPT_InterruptManager               text98       01191A
_LATA                                     (abs)        003FBA
_LATB                                     (abs)        003FBB
_LATC                                     (abs)        003FBC
_LATD                                     (abs)        003FBD
_LATE                                     (abs)        003FBE
_LATEbits                                 (abs)        003FBE
_LongTimer_Callback                       text101      011FD0
_ODCONA                                   (abs)        003A42
_ODCONB                                   (abs)        003A52
_ODCONC                                   (abs)        003A62
_ODCOND                                   (abs)        003A72
_ODCONE                                   (abs)        003A82
_OLED_BlankDisplay                        mediumconst  00FF0E
_OLED_ClearDisplay                        text36       0111B4
_OLED_DrawFont                            text33       010482
_OLED_DrawString                          text30       0113F4
_OLED_InitCommands                        mediumconst  00FF92
_OLED_Initialize                          text26       01146E
_OLED_Send                                text35       01183E
_OLED_SetCursor                           text32       011250
_OSCCON1                                  (abs)        0039D9
_OSCCON3                                  (abs)        0039DB
_OSCEN                                    (abs)        0039DD
_OSCFRQ                                   (abs)        0039DF
_OSCILLATOR_Initialize                    text18       011E72
_OSCTUNE                                  (abs)        0039DE
_Owl                                      mediumconst  00F929
_PIE2bits                                 (abs)        003992
_PIE3bits                                 (abs)        003993
_PIE4bits                                 (abs)        003994
_PIE6bits                                 (abs)        003996
_PIN_MANAGER_Initialize                   text17       010F0E
_PIR2bits                                 (abs)        0039A2
_PIR3bits                                 (abs)        0039A3
_PIR4bits                                 (abs)        0039A4
_PIR6bits                                 (abs)        0039A6
_PMD0                                     (abs)        0039C0
_PMD1                                     (abs)        0039C1
_PMD2                                     (abs)        0039C2
_PMD3                                     (abs)        0039C3
_PMD4                                     (abs)        0039C4
_PMD5                                     (abs)        0039C5
_PMD6                                     (abs)        0039C6
_PMD7                                     (abs)        0039C7
_PMD_Initialize                           text16       011CD0
_PR2                                      (abs)        003FAB
_PWM5CON                                  (abs)        003F6E
_PWM5DCH                                  (abs)        003F6D
_PWM5DCL                                  (abs)        003F6C
_PWM5_Initialize                          text15       011E5A
_RB1I2C                                   (abs)        003A5A
_RB2I2C                                   (abs)        003A5B
_RC0PPS                                   (abs)        003A10
_RC2PPS                                   (abs)        003A12
_RC3I2C                                   (abs)        003A6A
_RC3PPS                                   (abs)        003A13
_RC4I2C                                   (abs)        003A6B
_RC4PPS                                   (abs)        003A14
_RC7PPS                                   (abs)        003A17
_RD0I2C                                   (abs)        003A7A
_RD1I2C                                   (abs)        003A7B
_RGB_ALLSetColor                          text5        0119A4
_RGB_Clear                                text23       0116FA
_RGB_SendData                             text24       011F3A
_RGB_SetColor                             text7        011F4E
_SLRCONA                                  (abs)        003A43
_SLRCONB                                  (abs)        003A53
_SLRCONC                                  (abs)        003A63
_SLRCOND                                  (abs)        003A73
_SLRCONE                                  (abs)        003A83
_SPI1BAUD                                 (abs)        003D19
_SPI1CLK                                  (abs)        003D1C
_SPI1CON0                                 (abs)        003D14
_SPI1CON0bits                             (abs)        003D14
_SPI1CON1                                 (abs)        003D15
_SPI1CON2                                 (abs)        003D16
_SPI1RXB                                  (abs)        003D10
_SPI1SCKPPS                               (abs)        003ADE
_SPI1SDIPPS                               (abs)        003ADF
_SPI1STATUSbits                           (abs)        003D17
_SPI1TCNTL                                (abs)        003D12
_SPI1TXB                                  (abs)        003D11
_SPI1_Initialize                          text14       011E26
_SPI1_Open                                text22       010E34
_SPI1_WriteByte                           text25       011E40
_SYSTEM_Initialize                        text8        011B44
_T1CLK                                    (abs)        003FB5
_T1CON                                    (abs)        003FB2
_T1CONbits                                (abs)        003FB2
_T1GATE                                   (abs)        003FB4
_T1GCON                                   (abs)        003FB3
_T1GCONbits                               (abs)        003FB3
_T2CLKCON                                 (abs)        003FAE
_T2CON                                    (abs)        003FAC
_T2CONbits                                (abs)        003FAC
_T2HLT                                    (abs)        003FAD
_T2HLTbits                                (abs)        003FAD
_T2PR                                     (abs)        003FAB
_T2RST                                    (abs)        003FAF
_T2RSTbits                                (abs)        003FAF
_T2TMR                                    (abs)        003FAA
_T3CLK                                    (abs)        003FA9
_T3CON                                    (abs)        003FA6
_T3CONbits                                (abs)        003FA6
_T3GATE                                   (abs)        003FA8
_T3GCON                                   (abs)        003FA7
_T3GCONbits                               (abs)        003FA7
_TMR1H                                    (abs)        003FB1
_TMR1L                                    (abs)        003FB0
_TMR1_CallBack                            text105      011B14
_TMR1_DefaultInterruptHandler             text107      01207C
_TMR1_ISR                                 text103      011F24
_TMR1_Initialize                          text12       0118D2
_TMR1_InterruptHandler                    nvCOMRAM     00004F
_TMR1_SetInterruptHandler                 text13       011F8E
_TMR1_WriteTimer                          text104      011C52
_TMR2                                     (abs)        003FAA
_TMR2_Initialize                          text11       011D5C
_TMR3H                                    (abs)        003FA5
_TMR3L                                    (abs)        003FA4
_TMR3_DefaultInterruptHandler             text102      01207A
_TMR3_ISR                                 text99       0119E4
_TMR3_Initialize                          text9        01188A
_TMR3_InterruptHandler                    nvCOMRAM     00004C
_TMR3_SetInterruptHandler                 text10       011F80
_TMR3_WriteTimer                          text100      011C26
_TRISA                                    (abs)        003FC2
_TRISB                                    (abs)        003FC3
_TRISC                                    (abs)        003FC4
_TRISCbits                                (abs)        003FC4
_TRISD                                    (abs)        003FC5
_TRISE                                    (abs)        003FC6
_WPUA                                     (abs)        003A41
_WPUB                                     (abs)        003A51
_WPUC                                     (abs)        003A61
_WPUD                                     (abs)        003A71
_WPUE                                     (abs)        003A81
_WriteCompleteHandler                     text76       011A24
__HRAM                                    (abs)        000000
__Habs1                                   abs1         000000
__Hbank0                                  bank0        000000
__Hbank1                                  bank1        000000
__Hbank10                                 bank10       000000
__Hbank11                                 bank11       000000
__Hbank12                                 bank12       000000
__Hbank13                                 bank13       000000
__Hbank14                                 bank14       000000
__Hbank15                                 bank15       000000
__Hbank16                                 bank16       000000
__Hbank17                                 bank17       000000
__Hbank18                                 bank18       000000
__Hbank19                                 bank19       000000
__Hbank2                                  bank2        000000
__Hbank20                                 bank20       000000
__Hbank21                                 bank21       000000
__Hbank22                                 bank22       000000
__Hbank23                                 bank23       000000
__Hbank24                                 bank24       000000
__Hbank25                                 bank25       000000
__Hbank26                                 bank26       000000
__Hbank27                                 bank27       000000
__Hbank28                                 bank28       000000
__Hbank29                                 bank29       000000
__Hbank3                                  bank3        000000
__Hbank30                                 bank30       000000
__Hbank31                                 bank31       000000
__Hbank4                                  bank4        000000
__Hbank5                                  bank5        000000
__Hbank6                                  bank6        000000
__Hbank7                                  bank7        000000
__Hbank8                                  bank8        000000
__Hbank9                                  bank9        000000
__Hbigbss                                 bigbss       000000
__Hbigdata                                bigdata      000000
__Hbigram                                 bigram       000000
__Hbss                                    bss          000000
__HbssBANK0                               bssBANK0     000000
__HbssCOMRAM                              bssCOMRAM    000000
__Hcinit                                  cinit        000000
__Hclrtext                                clrtext      000000
__Hcomram                                 comram       000000
__Hconfig                                 config       30000A
__Hconst                                  const        000000
__HcstackBANK0                            cstackBANK0  000000
__HcstackCOMRAM                           cstackCOMRAM 000000
__Hdata                                   data         000000
__HdataCOMRAM                             dataCOMRAM   000000
__Heeprom_data                            eeprom_data  000000
__Hfarbss                                 farbss       000000
__Hfardata                                fardata      000000
__Hibigdata                               ibigdata     000000
__Hidata                                  idata        000000
__HidataCOMRAM                            idataCOMRAM  000000
__Hidloc                                  idloc        200010
__Hifardata                               ifardata     000000
__Hinit                                   init         00001E
__Hintsave_regs                           intsave_regs 000000
__Hirdata                                 irdata       000000
__Hivt0x8                                 ivt0x8       00001A
__Hmediumconst                            mediumconst  010000
__HnvCOMRAM                               nvCOMRAM     000000
__HnvFARRAM                               nvFARRAM     000000
__Hnvbit                                  nvbit        000000
__Hnvrram                                 nvrram       000000
__Hparam                                  rparam       000000
__Hpowerup                                powerup      000000
__Hram                                    ram          000000
__Hramtop                                 ramtop       002000
__Hrbit                                   rbit         000000
__Hrbss                                   rbss         000000
__Hrdata                                  rdata        000000
__Hreset_vec                              reset_vec    000004
__Hrparam                                 rparam       000000
__Hsfr                                    sfr          000000
__Hsmallconst                             smallconst   000000
__Hspace_0                                (abs)        01207E
__Hspace_1                                (abs)        0000A0
__Hspace_2                                (abs)        000000
__Hspace_4                                (abs)        60000A
__Hstack                                  stack        000000
__Hstruct                                 struct       000000
__Htemp                                   temp         000000
__Htext                                   text         000000
__Htext0                                  text0        000000
__Htext1                                  text1        000000
__Htext10                                 text10       000000
__Htext100                                text100      000000
__Htext101                                text101      000000
__Htext102                                text102      000000
__Htext103                                text103      000000
__Htext104                                text104      000000
__Htext105                                text105      000000
__Htext106                                text106      000000
__Htext107                                text107      000000
__Htext108                                text108      000000
__Htext11                                 text11       000000
__Htext12                                 text12       000000
__Htext13                                 text13       000000
__Htext14                                 text14       000000
__Htext15                                 text15       000000
__Htext16                                 text16       000000
__Htext17                                 text17       000000
__Htext18                                 text18       000000
__Htext19                                 text19       000000
__Htext2                                  text2        000000
__Htext20                                 text20       000000
__Htext21                                 text21       000000
__Htext22                                 text22       000000
__Htext23                                 text23       000000
__Htext24                                 text24       000000
__Htext25                                 text25       000000
__Htext26                                 text26       000000
__Htext27                                 text27       000000
__Htext28                                 text28       000000
__Htext29                                 text29       000000
__Htext3                                  text3        000000
__Htext30                                 text30       000000
__Htext31                                 text31       000000
__Htext32                                 text32       000000
__Htext33                                 text33       000000
__Htext34                                 text34       000000
__Htext35                                 text35       000000
__Htext36                                 text36       000000
__Htext37                                 text37       000000
__Htext38                                 text38       000000
__Htext39                                 text39       000000
__Htext4                                  text4        000000
__Htext40                                 text40       000000
__Htext41                                 text41       000000
__Htext42                                 text42       000000
__Htext43                                 text43       000000
__Htext44                                 text44       000000
__Htext45                                 text45       000000
__Htext46                                 text46       000000
__Htext47                                 text47       000000
__Htext48                                 text48       000000
__Htext49                                 text49       000000
__Htext5                                  text5        000000
__Htext50                                 text50       000000
__Htext51                                 text51       000000
__Htext52                                 text52       000000
__Htext53                                 text53       000000
__Htext54                                 text54       000000
__Htext55                                 text55       000000
__Htext56                                 text56       000000
__Htext57                                 text57       000000
__Htext58                                 text58       000000
__Htext59                                 text59       000000
__Htext6                                  text6        000000
__Htext60                                 text60       000000
__Htext61                                 text61       000000
__Htext62                                 text62       000000
__Htext63                                 text63       000000
__Htext64                                 text64       000000
__Htext65                                 text65       000000
__Htext66                                 text66       000000
__Htext67                                 text67       000000
__Htext68                                 text68       000000
__Htext69                                 text69       000000
__Htext7                                  text7        000000
__Htext70                                 text70       000000
__Htext71                                 text71       000000
__Htext72                                 text72       000000
__Htext73                                 text73       000000
__Htext74                                 text74       000000
__Htext75                                 text75       000000
__Htext76                                 text76       000000
__Htext77                                 text77       000000
__Htext78                                 text78       000000
__Htext79                                 text79       000000
__Htext8                                  text8        000000
__Htext80                                 text80       000000
__Htext81                                 text81       000000
__Htext82                                 text82       000000
__Htext83                                 text83       000000
__Htext84                                 text84       000000
__Htext85                                 text85       000000
__Htext86                                 text86       000000
__Htext87                                 text87       000000
__Htext88                                 text88       000000
__Htext89                                 text89       000000
__Htext9                                  text9        000000
__Htext90                                 text90       000000
__Htext91                                 text91       000000
__Htext92                                 text92       000000
__Htext93                                 text93       000000
__Htext94                                 text94       000000
__Htext95                                 text95       000000
__Htext96                                 text96       000000
__Htext97                                 text97       000000
__Htext98                                 text98       000000
__Htext99                                 text99       000000
__LRAM                                    (abs)        000001
__Labs1                                   abs1         000000
__Lbank0                                  bank0        000000
__Lbank1                                  bank1        000000
__Lbank10                                 bank10       000000
__Lbank11                                 bank11       000000
__Lbank12                                 bank12       000000
__Lbank13                                 bank13       000000
__Lbank14                                 bank14       000000
__Lbank15                                 bank15       000000
__Lbank16                                 bank16       000000
__Lbank17                                 bank17       000000
__Lbank18                                 bank18       000000
__Lbank19                                 bank19       000000
__Lbank2                                  bank2        000000
__Lbank20                                 bank20       000000
__Lbank21                                 bank21       000000
__Lbank22                                 bank22       000000
__Lbank23                                 bank23       000000
__Lbank24                                 bank24       000000
__Lbank25                                 bank25       000000
__Lbank26                                 bank26       000000
__Lbank27                                 bank27       000000
__Lbank28                                 bank28       000000
__Lbank29                                 bank29       000000
__Lbank3                                  bank3        000000
__Lbank30                                 bank30       000000
__Lbank31                                 bank31       000000
__Lbank4                                  bank4        000000
__Lbank5                                  bank5        000000
__Lbank6                                  bank6        000000
__Lbank7                                  bank7        000000
__Lbank8                                  bank8        000000
__Lbank9                                  bank9        000000
__Lbigbss                                 bigbss       000000
__Lbigdata                                bigdata      000000
__Lbigram                                 bigram       000000
__Lbss                                    bss          000000
__LbssBANK0                               bssBANK0     000000
__LbssCOMRAM                              bssCOMRAM    000000
__Lcinit                                  cinit        000000
__Lclrtext                                clrtext      000000
__Lcomram                                 comram       000000
__Lconfig                                 config       000000
__Lconst                                  const        000000
__LcstackBANK0                            cstackBANK0  000000
__LcstackCOMRAM                           cstackCOMRAM 000000
__Ldata                                   data         000000
__LdataCOMRAM                             dataCOMRAM   000000
__Leeprom_data                            eeprom_data  000000
__Lfarbss                                 farbss       000000
__Lfardata                                fardata      000000
__Libigdata                               ibigdata     000000
__Lidata                                  idata        000000
__LidataCOMRAM                            idataCOMRAM  000000
__Lidloc                                  idloc        000000
__Lifardata                               ifardata     000000
__Linit                                   init         00001A
__Lintsave_regs                           intsave_regs 000000
__Lirdata                                 irdata       000000
__Livt0x8                                 ivt0x8       000008
__Lmediumconst                            mediumconst  00F2F6
__LnvCOMRAM                               nvCOMRAM     000000
__LnvFARRAM                               nvFARRAM     000000
__Lnvbit                                  nvbit        000000
__Lnvrram                                 nvrram       000000
__Lparam                                  rparam       000000
__Lpowerup                                powerup      000000
__Lram                                    ram          000000
__Lramtop                                 ramtop       002000
__Lrbit                                   rbit         000000
__Lrbss                                   rbss         000000
__Lrdata                                  rdata        000000
__Lreset_vec                              reset_vec    000000
__Lrparam                                 rparam       000000
__Lsfr                                    sfr          000000
__Lsmallconst                             smallconst   000000
__Lspace_0                                (abs)        000000
__Lspace_1                                (abs)        000000
__Lspace_2                                (abs)        000000
__Lspace_4                                (abs)        000000
__Lstack                                  stack        000000
__Lstruct                                 struct       000000
__Ltemp                                   temp         000000
__Ltext                                   text         000000
__Ltext0                                  text0        000000
__Ltext1                                  text1        000000
__Ltext10                                 text10       000000
__Ltext100                                text100      000000
__Ltext101                                text101      000000
__Ltext102                                text102      000000
__Ltext103                                text103      000000
__Ltext104                                text104      000000
__Ltext105                                text105      000000
__Ltext106                                text106      000000
__Ltext107                                text107      000000
__Ltext108                                text108      000000
__Ltext11                                 text11       000000
__Ltext12                                 text12       000000
__Ltext13                                 text13       000000
__Ltext14                                 text14       000000
__Ltext15                                 text15       000000
__Ltext16                                 text16       000000
__Ltext17                                 text17       000000
__Ltext18                                 text18       000000
__Ltext19                                 text19       000000
__Ltext2                                  text2        000000
__Ltext20                                 text20       000000
__Ltext21                                 text21       000000
__Ltext22                                 text22       000000
__Ltext23                                 text23       000000
__Ltext24                                 text24       000000
__Ltext25                                 text25       000000
__Ltext26                                 text26       000000
__Ltext27                                 text27       000000
__Ltext28                                 text28       000000
__Ltext29                                 text29       000000
__Ltext3                                  text3        000000
__Ltext30                                 text30       000000
__Ltext31                                 text31       000000
__Ltext32                                 text32       000000
__Ltext33                                 text33       000000
__Ltext34                                 text34       000000
__Ltext35                                 text35       000000
__Ltext36                                 text36       000000
__Ltext37                                 text37       000000
__Ltext38                                 text38       000000
__Ltext39                                 text39       000000
__Ltext4                                  text4        000000
__Ltext40                                 text40       000000
__Ltext41                                 text41       000000
__Ltext42                                 text42       000000
__Ltext43                                 text43       000000
__Ltext44                                 text44       000000
__Ltext45                                 text45       000000
__Ltext46                                 text46       000000
__Ltext47                                 text47       000000
__Ltext48                                 text48       000000
__Ltext49                                 text49       000000
__Ltext5                                  text5        000000
__Ltext50                                 text50       000000
__Ltext51                                 text51       000000
__Ltext52                                 text52       000000
__Ltext53                                 text53       000000
__Ltext54                                 text54       000000
__Ltext55                                 text55       000000
__Ltext56                                 text56       000000
__Ltext57                                 text57       000000
__Ltext58                                 text58       000000
__Ltext59                                 text59       000000
__Ltext6                                  text6        000000
__Ltext60                                 text60       000000
__Ltext61                                 text61       000000
__Ltext62                                 text62       000000
__Ltext63                                 text63       000000
__Ltext64                                 text64       000000
__Ltext65                                 text65       000000
__Ltext66                                 text66       000000
__Ltext67                                 text67       000000
__Ltext68                                 text68       000000
__Ltext69                                 text69       000000
__Ltext7                                  text7        000000
__Ltext70                                 text70       000000
__Ltext71                                 text71       000000
__Ltext72                                 text72       000000
__Ltext73                                 text73       000000
__Ltext74                                 text74       000000
__Ltext75                                 text75       000000
__Ltext76                                 text76       000000
__Ltext77                                 text77       000000
__Ltext78                                 text78       000000
__Ltext79                                 text79       000000
__Ltext8                                  text8        000000
__Ltext80                                 text80       000000
__Ltext81                                 text81       000000
__Ltext82                                 text82       000000
__Ltext83                                 text83       000000
__Ltext84                                 text84       000000
__Ltext85                                 text85       000000
__Ltext86                                 text86       000000
__Ltext87                                 text87       000000
__Ltext88                                 text88       000000
__Ltext89                                 text89       000000
__Ltext9                                  text9        000000
__Ltext90                                 text90       000000
__Ltext91                                 text91       000000
__Ltext92                                 text92       000000
__Ltext93                                 text93       000000
__Ltext94                                 text94       000000
__Ltext95                                 text95       000000
__Ltext96                                 text96       000000
__Ltext97                                 text97       000000
__Ltext98                                 text98       000000
__Ltext99                                 text99       000000
__S0                                      (abs)        01207E
__S1                                      (abs)        0000A0
__S2                                      (abs)        000000
__S4                                      (abs)        000000
__S5                                      (abs)        000000
___inthi_sp                               stack        000000
___intlo_sp                               stack        000000
___lwmod                                  text2        01163A
___lwmod@counter                          cstackCOMRAM 000007
___lwmod@dividend                         cstackCOMRAM 000003
___lwmod@divisor                          cstackCOMRAM 000005
___param_bank                             (abs)        000000
___rparam_used                            (abs)        000001
___sp                                     stack        000000
___wmul                                   text34       011C7E
___wmul@multiplicand                      cstackCOMRAM 000005
___wmul@multiplier                        cstackCOMRAM 000003
___wmul@product                           cstackCOMRAM 000007
__accesstop                               (abs)        000060
__activetblptr                            (abs)        000003
__end_of_CLC1_Initialize                  text21       011BFA
__end_of_Heartbeat_Callback               text106      011D5C
__end_of_I2C1_CallbackReturnReset         text81       012076
__end_of_I2C1_CallbackReturnStop          text82       01207A
__end_of_I2C1_ClearInterruptFlags         text87       0117F2
__end_of_I2C1_Close                       text94       011C26
__end_of_I2C1_DO_ADDRESS_NACK             text46       01163A
__end_of_I2C1_DO_BUS_COLLISION            text45       01155A
__end_of_I2C1_DO_BUS_ERROR                text44       011F70
__end_of_I2C1_DO_IDLE                     text61       011FC4
__end_of_I2C1_DO_RESET                    text47       011F80
__end_of_I2C1_DO_RX                       text57       010E34
__end_of_I2C1_DO_RX_ACK                   text50       012012
__end_of_I2C1_DO_RX_EMPTY                 text55       0111B4
__end_of_I2C1_DO_RX_NACK_RESTART          text48       01200A
__end_of_I2C1_DO_RX_NACK_STOP             text49       011FAA
__end_of_I2C1_DO_SEND_ADR_READ            text60       011BCE
__end_of_I2C1_DO_SEND_ADR_WRITE           text59       011EA0
__end_of_I2C1_DO_SEND_RESTART             text52       01206E
__end_of_I2C1_DO_SEND_RESTART_READ        text54       011FB8
__end_of_I2C1_DO_SEND_RESTART_WRITE       text53       012072
__end_of_I2C1_DO_SEND_STOP                text51       011CD0
__end_of_I2C1_DO_TX                       text58       010B00
__end_of_I2C1_DO_TX_ACK                   text62       01201A
__end_of_I2C1_DO_TX_EMPTY                 text56       0113F4
__end_of_I2C1_Initialize                  text20       011D3A
__end_of_I2C1_MasterClearCountFlag        text93       012066
__end_of_I2C1_MasterClearIrq              text97       012022
__end_of_I2C1_MasterClearNackFlag         text92       012060
__end_of_I2C1_MasterClearStopFlag         text91       01205A
__end_of_I2C1_MasterClose                 text96       011FD0
__end_of_I2C1_MasterDisableIrq            text95       011DB6
__end_of_I2C1_MasterDisableRestart        text74       012054
__end_of_I2C1_MasterEnableRestart         text73       01204E
__end_of_I2C1_MasterFsm                   text43       0115CC
__end_of_I2C1_MasterGetCounter            text65       012030
__end_of_I2C1_MasterGetRxData             text70       012048
__end_of_I2C1_MasterIsCountFlagSet        text90       011F24
__end_of_I2C1_MasterIsNack                text64       011ECC
__end_of_I2C1_MasterIsNackFlagSet         text89       011F0E
__end_of_I2C1_MasterIsRxBufFull           text69       011EE2
__end_of_I2C1_MasterIsStopFlagSet         text88       011EF8
__end_of_I2C1_MasterIsTxBufEmpty          text63       011EB6
__end_of_I2C1_MasterOpen                  text38       011BA0
__end_of_I2C1_MasterOperation             text40       0117A0
__end_of_I2C1_MasterResetBus              text75       011FFA
__end_of_I2C1_MasterSendAck               text68       012042
__end_of_I2C1_MasterSendNack              text67       01203C
__end_of_I2C1_MasterSendTxData            text71       011FE6
__end_of_I2C1_MasterSetCounter            text72       011FF0
__end_of_I2C1_MasterStop                  text66       012036
__end_of_I2C1_MasterWaitForEvent          text42       0116FA
__end_of_I2C1_MasterWrite                 text39       012002
__end_of_I2C1_Open                        text37       011110
__end_of_I2C1_Poller                      text41       011D98
__end_of_I2C1_SetAddressNackCallback      text29       011E0A
__end_of_I2C1_SetBuffer                   text86       011D18
__end_of_I2C1_SetCallback                 text85       011376
__end_of_I2C1_SetDataCompleteCallback     text84       011E26
__end_of_I2C1_SetDataNackCallback         text28       011DEE
__end_of_I2C1_SetTimeoutCallback          text27       011DD2
__end_of_INTERRUPT_Initialize             text19       01206A
__end_of_INTERRUPT_InterruptManager       text98       011962
__end_of_LongTimer_Callback               text101      011FDC
__end_of_OLED_BlankDisplay                mediumconst  00FF92
__end_of_OLED_ClearDisplay                text36       011250
__end_of_OLED_DrawFont                    text33       010696
__end_of_OLED_DrawString                  text30       01146E
__end_of_OLED_InitCommands                mediumconst  00FFAD
__end_of_OLED_Initialize                  text26       0114E4
__end_of_OLED_Send                        text35       01188A
__end_of_OLED_SetCursor                   text32       0112E8
__end_of_OSCILLATOR_Initialize            text18       011E8A
__end_of_Owl                              mediumconst  00FD29
__end_of_PIN_MANAGER_Initialize           text17       010FC0
__end_of_PMD_Initialize                   text16       011CF4
__end_of_PWM5_Initialize                  text15       011E72
__end_of_RGB_ALLSetColor                  text5        0119E4
__end_of_RGB_Clear                        text23       01174E
__end_of_RGB_SendData                     text24       011F4E
__end_of_RGB_SetColor                     text7        011F60
__end_of_SPI1_Initialize                  text14       011E40
__end_of_SPI1_Open                        text22       010F0E
__end_of_SPI1_WriteByte                   text25       011E5A
__end_of_SYSTEM_Initialize                text8        011B72
__end_of_TMR1_CallBack                    text105      011B44
__end_of_TMR1_DefaultInterruptHandler     text107      01207E
__end_of_TMR1_ISR                         text103      011F3A
[...]
__ptext75                                 text75       011FF0
__ptext76                                 text76       011A24
__ptext77                                 text77       010FC0
__ptext78                                 text78       011A54
__ptext79                                 text79       011A84
__ptext8                                  text8        011B44
__ptext80                                 text80       011AB4
__ptext81                                 text81       012072
__ptext82                                 text82       012076
__ptext83                                 text83       011AE4
__ptext84                                 text84       011E0A
__ptext85                                 text85       0112E8
__ptext86                                 text86       011CF4
__ptext87                                 text87       0117A0
__ptext88                                 text88       011EE2
__ptext89                                 text89       011EF8
__ptext9                                  text9        01188A
__ptext90                                 text90       011F0E
__ptext91                                 text91       012054
__ptext92                                 text92       01205A
__ptext93                                 text93       012060
__ptext94                                 text94       011BFA
__ptext95                                 text95       011D98
__ptext96                                 text96       011FC4
__ptext97                                 text97       01201A
__ptext98                                 text98       01191A
__ptext99                                 text99       0119E4
__ramtop                                  ramtop       002000
__size_of_CLC1_Initialize                 (abs)        000000
__size_of_Heartbeat_Callback              (abs)        000000
__size_of_I2C1_CallbackReturnReset        (abs)        000000
__size_of_I2C1_CallbackReturnStop         (abs)        000000
__size_of_I2C1_ClearInterruptFlags        (abs)        000000
__size_of_I2C1_Close                      (abs)        000000
__size_of_I2C1_DO_ADDRESS_NACK            (abs)        000000
__size_of_I2C1_DO_BUS_COLLISION           (abs)        000000
__size_of_I2C1_DO_BUS_ERROR               (abs)        000000
__size_of_I2C1_DO_IDLE                    (abs)        000000
__size_of_I2C1_DO_RESET                   (abs)        000000
__size_of_I2C1_DO_RX                      (abs)        000000
__size_of_I2C1_DO_RX_ACK                  (abs)        000000
__size_of_I2C1_DO_RX_EMPTY                (abs)        000000
__size_of_I2C1_DO_RX_NACK_RESTART         (abs)        000000
__size_of_I2C1_DO_RX_NACK_STOP            (abs)        000000
__size_of_I2C1_DO_SEND_ADR_READ           (abs)        000000
__size_of_I2C1_DO_SEND_ADR_WRITE          (abs)        000000
__size_of_I2C1_DO_SEND_RESTART            (abs)        000000
__size_of_I2C1_DO_SEND_RESTART_READ       (abs)        000000
__size_of_I2C1_DO_SEND_RESTART_WRITE      (abs)        000000
__size_of_I2C1_DO_SEND_STOP               (abs)        000000
__size_of_I2C1_DO_TX                      (abs)        000000
__size_of_I2C1_DO_TX_ACK                  (abs)        000000
__size_of_I2C1_DO_TX_EMPTY                (abs)        000000
__size_of_I2C1_Initialize                 (abs)        000000
__size_of_I2C1_MasterClearCountFlag       (abs)        000000
__size_of_I2C1_MasterClearIrq             (abs)        000000
__size_of_I2C1_MasterClearNackFlag        (abs)        000000
__size_of_I2C1_MasterClearStopFlag        (abs)        000000
__size_of_I2C1_MasterClose                (abs)        000000
__size_of_I2C1_MasterDisableIrq           (abs)        000000
__size_of_I2C1_MasterDisableRestart       (abs)        000000
__size_of_I2C1_MasterEnableRestart        (abs)        000000
__size_of_I2C1_MasterFsm                  (abs)        000000
__size_of_I2C1_MasterGetCounter           (abs)        000000
__size_of_I2C1_MasterGetRxData            (abs)        000000
__size_of_I2C1_MasterIsCountFlagSet       (abs)        000000
__size_of_I2C1_MasterIsNack               (abs)        000000
__size_of_I2C1_MasterIsNackFlagSet        (abs)        000000
__size_of_I2C1_MasterIsRxBufFull          (abs)        000000
__size_of_I2C1_MasterIsStopFlagSet        (abs)        000000
__size_of_I2C1_MasterIsTxBufEmpty         (abs)        000000
__size_of_I2C1_MasterOpen                 (abs)        000000
__size_of_I2C1_MasterOperation            (abs)        000000
__size_of_I2C1_MasterResetBus             (abs)        000000
__size_of_I2C1_MasterSendAck              (abs)        000000
__size_of_I2C1_MasterSendNack             (abs)        000000
__size_of_I2C1_MasterSendTxData           (abs)        000000
__size_of_I2C1_MasterSetCounter           (abs)        000000
__size_of_I2C1_MasterStop                 (abs)        000000
__size_of_I2C1_MasterWaitForEvent         (abs)        000000
__size_of_I2C1_MasterWrite                (abs)        000000
__size_of_I2C1_Open                       (abs)        000000
__size_of_I2C1_Poller                     (abs)        000000
__size_of_I2C1_SetAddressNackCallback     (abs)        000000
__size_of_I2C1_SetBuffer                  (abs)        000000
__size_of_I2C1_SetCallback                (abs)        000000
__size_of_I2C1_SetDataCompleteCallback    (abs)        000000
__size_of_I2C1_SetDataNackCallback        (abs)        000000
__size_of_I2C1_SetTimeoutCallback         (abs)        000000
__size_of_INTERRUPT_Initialize            (abs)        000000
__size_of_INTERRUPT_InterruptManager      (abs)        000000
__size_of_LongTimer_Callback              (abs)        000000
__size_of_OLED_ClearDisplay               (abs)        000000
__size_of_OLED_DrawFont                   (abs)        000000
__size_of_OLED_DrawString                 (abs)        000000
__size_of_OLED_Initialize                 (abs)        000000
__size_of_OLED_Send                       (abs)        000000
__size_of_OLED_SetCursor                  (abs)        000000
__size_of_OSCILLATOR_Initialize           (abs)        000000
__size_of_PIN_MANAGER_Initialize          (abs)        000000
__size_of_PMD_Initialize                  (abs)        000000
__size_of_PWM5_Initialize                 (abs)        000000
__size_of_RGB_ALLSetColor                 (abs)        000000
__size_of_RGB_Clear                       (abs)        000000
__size_of_RGB_SendData                    (abs)        000000
__size_of_RGB_SetColor                    (abs)        000000
__size_of_SPI1_Initialize                 (abs)        000000
__size_of_SPI1_Open                       (abs)        000000
__size_of_SPI1_WriteByte                  (abs)        000000
__size_of_SYSTEM_Initialize               (abs)        000000
__size_of_TMR1_CallBack                   (abs)        000000
__size_of_TMR1_DefaultInterruptHandler    (abs)        000000
__size_of_TMR1_ISR                        (abs)        000000
__size_of_TMR1_Initialize                 (abs)        000000
__size_of_TMR1_SetInterruptHandler        (abs)        000000
__size_of_TMR1_WriteTimer                 (abs)        000000
__size_of_TMR2_Initialize                 (abs)        000000
__size_of_TMR3_DefaultInterruptHandler    (abs)        000000
__size_of_TMR3_ISR                        (abs)        000000
__size_of_TMR3_Initialize                 (abs)        000000
__size_of_TMR3_SetInterruptHandler        (abs)        000000
__size_of_TMR3_WriteTimer                 (abs)        000000
__size_of_WriteCompleteHandler            (abs)        000000
__size_of___lwmod                         (abs)        000000
__size_of___wmul                          (abs)        000000
__size_of_cometsTail                      (abs)        000000
__size_of_main                            (abs)        000000
__size_of_oneColorPulse                   (abs)        000000
__size_of_rd1RegCompleteHandler           (abs)        000000
__size_of_rd2RegCompleteHandler           (abs)        000000
__size_of_rdBlkRegCompleteHandler         (abs)        000000
__size_of_solidColor                      (abs)        000000
__size_of_strlen                          (abs)        000000
__size_of_theaterChase                    (abs)        000000
__size_of_wr1RegCompleteHandler           (abs)        000000
__size_of_wr2RegCompleteHandler           (abs)        000000
__smallconst                              smallconst   000000
_cometsTail                               text6        010000
_cometsTail$1168                          cstackCOMRAM 000011
_cometsTail$1169                          cstackCOMRAM 000013
_currentProfile                           bssCOMRAM    00004B
_font5x7                                  mediumconst  00FD29
_font8x16                                 mediumconst  00F2F7
_gBufSize                                 bssCOMRAM    000048
_i2c1_fsmStateTable                       mediumconst  00F8EB
_longTmrFlag                              bssCOMRAM    00004A
_main                                     text0        01085E
_oneColorPulse                            text4        010C2C
_rd1RegCompleteHandler                    text80       011AB4
_rd2RegCompleteHandler                    text79       011A84
_rdBlkRegCompleteHandler                  text77       010FC0
_solidColor                               text3        010696
_spi1_configuration                       mediumconst  00F924
_strlen                                   text31       011962
_theaterChase                             text1        010B00
_timer1ReloadVal                          nvCOMRAM     000054
_timer3ReloadVal                          nvCOMRAM     000052
_wr1RegCompleteHandler                    text78       011A54
_wr2RegCompleteHandler                    text83       011AE4
cometsTail@cometHeadLoc                   cstackCOMRAM 000020
cometsTail@cometTailLoc                   cstackCOMRAM 00001C
cometsTail@frames                         cstackCOMRAM 000015
cometsTail@i                              cstackCOMRAM 000017
cometsTail@ledN                           cstackCOMRAM 00001E
cometsTail@q                              cstackCOMRAM 000019
cometsTail@tailLen                        cstackCOMRAM 00001B
end_of_initialization                     cinit        011838
intlevel0                                 text         000000
intlevel1                                 text         000000
intlevel2                                 text         000000
intlevel3                                 text         000000
isa$std                                   (abs)        000001
isa$xinst                                 (abs)        000000
ivt0x8_base                               ivt0x8       000008
oneColorPulse@i                           cstackCOMRAM 000012
rd1RegCompleteHandler@ptr                 cstackCOMRAM 00000E
rd2RegCompleteHandler@ptr                 cstackCOMRAM 00000E
rdBlkRegCompleteHandler@ptr               cstackCOMRAM 00000E
solidColor@i                              cstackCOMRAM 000013
solidColor@rgb                            cstackCOMRAM 00000E
stackhi                                   (abs)        001FFF
stacklo                                   (abs)        0000A0
start                                     init         00001A
start_initialization                      cinit        0117F2
strlen@a                                  cstackCOMRAM 000005
strlen@s                                  cstackCOMRAM 000003
theaterChase@combinedSegLen               cstackCOMRAM 000014
theaterChase@i                            cstackCOMRAM 00000D
theaterChase@ledOffset                    cstackCOMRAM 000012
theaterChase@p                            cstackCOMRAM 000010
theaterChase@szLight                      cstackCOMRAM 00000F
theaterChase@szSpace                      cstackCOMRAM 00000A
wr1RegCompleteHandler@ptr                 cstackCOMRAM 00000E
wr2RegCompleteHandler@ptr                 cstackCOMRAM 00000E


MODULE INFORMATION

Module		Function		Class		Link	Load	Size
mcc_generated_files/examples/i2c1_master_example.c
		_wr1RegCompleteHandler		CODE           	11A54	0000	48
		_wr2RegCompleteHandler		CODE           	11AE4	0000	48
		_rdBlkRegCompleteHandler		CODE           	10FC0	0000	172
		_rd1RegCompleteHandler		CODE           	11AB4	0000	48
		_rd2RegCompleteHandler		CODE           	11A84	0000	48

mcc_generated_files/examples/i2c1_master_example.c estimated size: 364

mcc_generated_files/i2c1_master.c
		_I2C1_DO_SEND_RESTART		CODE           	1206A	0000	4
		_I2C1_MasterIsNackFlagSet		CODE           	11EF8	0000	22
		_I2C1_DO_RX_EMPTY		CODE           	11110	0000	164
		_I2C1_DO_TX_EMPTY		CODE           	11376	0000	126
		_I2C1_DO_SEND_RESTART_READ		CODE           	11FAA	0000	14
		_I2C1_MasterClearNackFlag		CODE           	1205A	0000	6
		_I2C1_CallbackReturnStop		CODE           	12076	0000	4
		_I2C1_DO_RX    		CODE           	10D4A	0000	234
		_I2C1_DO_TX    		CODE           	109BC	0000	324
		_I2C1_SetAddressNackCallback		CODE           	11DEE	0000	28
		_I2C1_DO_IDLE  		CODE           	11FB8	0000	12
		_I2C1_MasterOpen		CODE           	11B72	0000	46
		_I2C1_SetTimeoutCallback		CODE           	11DB6	0000	28
		_I2C1_MasterSendTxData		CODE           	11FDC	0000	10
		_I2C1_MasterStop		CODE           	12030	0000	6
		_I2C1_MasterIsStopFlagSet		CODE           	11EE2	0000	22
		_I2C1_CallbackReturnReset		CODE           	12072	0000	4
		_I2C1_DO_RESET 		CODE           	11F70	0000	16
		_I2C1_Poller   		CODE           	11D7A	0000	30
		_I2C1_DO_RX_ACK		CODE           	1200A	0000	8
		_I2C1_DO_TX_ACK		CODE           	12012	0000	8
		_I2C1_MasterWaitForEvent		CODE           	1169E	0000	92
		_I2C1_MasterSendNack		CODE           	12036	0000	6
		_I2C1_DO_RX_NACK_RESTART		CODE           	12002	0000	8
		_I2C1_MasterDisableIrq		CODE           	11D98	0000	30
		_I2C1_ClearInterruptFlags		CODE           	117A0	0000	82
		_I2C1_MasterOperation		CODE           	1174E	0000	82
		_I2C1_MasterClearStopFlag		CODE           	12054	0000	6
		_I2C1_SetCallback		CODE           	112E8	0000	142
		_I2C1_MasterEnableRestart		CODE           	12048	0000	6
		_I2C1_MasterGetCounter		CODE           	1202A	0000	6
		_I2C1_MasterSetCounter		CODE           	11FE6	0000	10
		_I2C1_SetDataNackCallback		CODE           	11DD2	0000	28
		_I2C1_Open     		CODE           	1106C	0000	164
		_I2C1_DO_ADDRESS_NACK		CODE           	115CC	0000	110
		_I2C1_MasterDisableRestart		CODE           	1204E	0000	6
		_I2C1_MasterClearCountFlag		CODE           	12060	0000	6
		_I2C1_SetBuffer		CODE           	11CF4	0000	36
		_I2C1_DO_SEND_RESTART_WRITE		CODE           	1206E	0000	4
		_I2C1_MasterIsTxBufEmpty		CODE           	11EA0	0000	22
		_I2C1_MasterClose		CODE           	11FC4	0000	12
		_I2C1_MasterWrite		CODE           	11FFA	0000	8
		_I2C1_Initialize		CODE           	11D18	0000	34
		_I2C1_Close    		CODE           	11BFA	0000	44
		_I2C1_MasterIsRxBufFull		CODE           	11ECC	0000	22
		_I2C1_MasterIsNack		CODE           	11EB6	0000	22
		_I2C1_DO_SEND_ADR_WRITE		CODE           	11E8A	0000	22
		_I2C1_MasterClearIrq		CODE           	1201A	0000	8
		_I2C1_SetDataCompleteCallback		CODE           	11E0A	0000	28
		_I2C1_DO_SEND_STOP		CODE           	11CA8	0000	40
		_I2C1_DO_BUS_COLLISION		CODE           	114E4	0000	118
		_I2C1_DO_BUS_ERROR		CODE           	11F60	0000	16
		_I2C1_MasterSendAck		CODE           	1203C	0000	6
		_I2C1_MasterFsm		CODE           	1155A	0000	114
		_I2C1_MasterGetRxData		CODE           	12042	0000	6
		_I2C1_MasterResetBus		CODE           	11FF0	0000	10
		_I2C1_MasterIsCountFlagSet		CODE           	11F0E	0000	22
		_I2C1_DO_SEND_ADR_READ		CODE           	11BA0	0000	46
		_I2C1_DO_RX_NACK_STOP		CODE           	11F9C	0000	14

mcc_generated_files/i2c1_master.c estimated size: 2554

mcc_generated_files/tmr2.c
		_TMR2_Initialize		CODE           	11D5C	0000	30

mcc_generated_files/tmr2.c estimated size: 30

mcc_generated_files/interrupt_manager.c
		_INTERRUPT_Initialize		CODE           	12066	0000	4
		_INTERRUPT_InterruptManager		CODE           	1191A	0000	72

mcc_generated_files/interrupt_manager.c estimated size: 76

mcc_generated_files/pin_manager.c
		_PIN_MANAGER_Initialize		CODE           	10F0E	0000	178

mcc_generated_files/pin_manager.c estimated size: 178

mcc_generated_files/spi1.c
		_SPI1_WriteByte		CODE           	11E40	0000	26
		_SPI1_Open     		CODE           	10E34	0000	218
		_SPI1_Initialize		CODE           	11E26	0000	26

mcc_generated_files/spi1.c estimated size: 270

C:\Program Files\Microchip\xc8\v2.32\pic\sources\c99\common\lwmod.c
		___lwmod       		CODE           	1163A	0000	100

C:\Program Files\Microchip\xc8\v2.32\pic\sources\c99\common\lwmod.c estimated size: 100

graphics/drivers/sh1106.c
		_OLED_SetCursor		CODE           	11250	0000	152
		_OLED_Initialize		CODE           	1146E	0000	118
		_OLED_DrawString		CODE           	113F4	0000	122
		_WriteCompleteHandler		CODE           	11A24	0000	48
		_OLED_ClearDisplay		CODE           	111B4	0000	156
		_OLED_DrawFont 		CODE           	10482	0000	532
		_OLED_Send     		CODE           	1183E	0000	76

graphics/drivers/sh1106.c estimated size: 1204

C:\Program Files\Microchip\xc8\v2.32\pic\sources\c99\common\Umul16.c
		___wmul        		CODE           	11C7E	0000	42

C:\Program Files\Microchip\xc8\v2.32\pic\sources\c99\common\Umul16.c estimated size: 42

leds/spi_led.c
		_RGB_SendData  		CODE           	11F3A	0000	20
		_RGB_SetColor  		CODE           	11F4E	0000	18
		_RGB_Clear     		CODE           	116FA	0000	84
		_RGB_ALLSetColor		CODE           	119A4	0000	64

leds/spi_led.c estimated size: 186

shared
		_OLED_BlankDisplay		MEDIUMCONST    	FF0E	0000	132
		_Owl           		MEDIUMCONST    	F929	0000	1024
		_font5x7       		MEDIUMCONST    	FD29	0000	485
		__initialization		CODE           	117F2	0000	70
		_i2c1_fsmStateTable		MEDIUMCONST    	F8EB	0000	57
		_OLED_InitCommands		MEDIUMCONST    	FF92	0000	27
		_font8x16      		MEDIUMCONST    	F2F7	0000	1524
		_spi1_configuration		MEDIUMCONST    	F924	0000	5

shared estimated size: 3324

mcc_generated_files/pwm5.c
		_PWM5_Initialize		CODE           	11E5A	0000	24

mcc_generated_files/pwm5.c estimated size: 24

mcc_generated_files/mcc.c
		_PMD_Initialize		CODE           	11CD0	0000	36
		_OSCILLATOR_Initialize		CODE           	11E72	0000	24
		_SYSTEM_Initialize		CODE           	11B44	0000	46

mcc_generated_files/mcc.c estimated size: 106

mcc_generated_files/tmr3.c
		_TMR3_ISR      		CODE           	119E4	0000	64
		_TMR3_Initialize		CODE           	1188A	0000	72
		_TMR3_SetInterruptHandler		CODE           	11F80	0000	14
		_TMR3_DefaultInterruptHandler		CODE           	1207A	0000	2
		_TMR3_WriteTimer		CODE           	11C26	0000	44

mcc_generated_files/tmr3.c estimated size: 196

mcc_generated_files/tmr1.c
		_TMR1_Initialize		CODE           	118D2	0000	72
		_TMR1_SetInterruptHandler		CODE           	11F8E	0000	14
		_TMR1_DefaultInterruptHandler		CODE           	1207C	0000	2
		_TMR1_CallBack 		CODE           	11B14	0000	48
		_TMR1_WriteTimer		CODE           	11C52	0000	44
		_TMR1_ISR      		CODE           	11F24	0000	22

mcc_generated_files/tmr1.c estimated size: 202

leds/led_profiles.c
		_cometsTail    		CODE           	10000	0000	1154
		_theaterChase  		CODE           	10B00	0000	300
		_oneColorPulse 		CODE           	10C2C	0000	286
		_solidColor    		CODE           	10696	0000	456

leds/led_profiles.c estimated size: 2196

main.c
		_main          		CODE           	1085E	0000	350
		_Heartbeat_Callback		CODE           	11D3A	0000	34
		_LongTimer_Callback		CODE           	11FD0	0000	12

main.c estimated size: 396

C:\Program Files\Microchip\xc8\v2.32\pic\sources\c99\common\strlen.c
		_strlen        		CODE           	11962	0000	66

C:\Program Files\Microchip\xc8\v2.32\pic\sources\c99\common\strlen.c estimated size: 66

mcc_generated_files/clc1.c
		_CLC1_Initialize		CODE           	11BCE	0000	44

mcc_generated_files/clc1.c estimated size: 44

